0 verbose cli /opt/homebrew/Cellar/node/26.7.0/bin/node /opt/homebrew/bin/npm
1 info using npm@11.19.0
2 info using node@v26.7.0
3 silly config load:file:/opt/homebrew/lib/node_modules/npm/npmrc
4 silly config load:file:/Users/achraf/pro/Medoc/.npmrc
5 silly config load:file:/Users/achraf/.npmrc
6 silly config load:file:/opt/homebrew/etc/npmrc
7 verbose title npm install
8 verbose argv "install" "--no-fund" "--no-audit"
9 verbose logfile logs-max:10 dir:/Users/achraf/pro/Medoc/.npm-cache/_logs/2026-08-20T15_33_14_148Z-
10 verbose logfile /Users/achraf/pro/Medoc/.npm-cache/_logs/2026-08-20T15_33_14_148Z-debug-0.log
11 warn Unknown env config "devdir". This will stop working in the next major version of npm. See `npm help npmrc` for supported config options.
12 silly logfile done cleaning log files
13 silly packumentCache heap:4395630592 maxSize:1098907648 maxEntrySize:549453824
14 verbose shrinkwrap failed to load node_modules/.package-lock.json out of date, updated: node_modules
15 silly idealTree buildDeps
16 silly reify mark retired [
16 silly reify   '/Users/achraf/pro/Medoc/apps/practice-host-ui/node_modules/@medoc/shared'
16 silly reify ]
17 silly reify mark retired [
17 silly reify   '/Users/achraf/pro/Medoc/apps/practice-host-ui/node_modules/@medoc/system-lan'
17 silly reify ]
18 silly reify mark retired [
18 silly reify   '/Users/achraf/pro/Medoc/apps/practice-host-ui/node_modules/@medoc/ui'
18 silly reify ]
19 silly reify mark retired [ '/Users/achraf/pro/Medoc/apps/practice-host-ui/node_modules/medoc' ]
20 silly reify mark retired [
20 silly reify   '/Users/achraf/pro/Medoc/apps/practice-host-ui/node_modules/medoc-lan-web-client'
20 silly reify ]
21 silly reify mark retired [
21 silly reify   '/Users/achraf/pro/Medoc/apps/practice-host-ui/node_modules/medoc-tauri-host'
21 silly reify ]
22 silly reify mark retired [
22 silly reify   '/Users/achraf/pro/Medoc/apps/practice-host-ui/node_modules/@medoc/system-company'
22 silly reify ]
23 silly reify mark retired [
23 silly reify   '/Users/achraf/pro/Medoc/apps/practice-host-ui/node_modules/@medoc/system-practice'
23 silly reify ]
24 silly reify moves {
24 silly reify   '/Users/achraf/pro/Medoc/apps/practice-host-ui/node_modules/@medoc/shared': '/Users/achraf/pro/Medoc/apps/practice-host-ui/node_modules/@medoc/.shared-umfJL48g',
24 silly reify   '/Users/achraf/pro/Medoc/apps/practice-host-ui/node_modules/@medoc/system-lan': '/Users/achraf/pro/Medoc/apps/practice-host-ui/node_modules/@medoc/.system-lan-1qeLG5WX',
24 silly reify   '/Users/achraf/pro/Medoc/apps/practice-host-ui/node_modules/@medoc/ui': '/Users/achraf/pro/Medoc/apps/practice-host-ui/node_modules/@medoc/.ui-T2WTp1pS',
24 silly reify   '/Users/achraf/pro/Medoc/apps/practice-host-ui/node_modules/medoc': '/Users/achraf/pro/Medoc/apps/practice-host-ui/node_modules/.medoc-C1hOFjnG',
24 silly reify   '/Users/achraf/pro/Medoc/apps/practice-host-ui/node_modules/medoc-lan-web-client': '/Users/achraf/pro/Medoc/apps/practice-host-ui/node_modules/.medoc-lan-web-client-kPb1OSq0',
24 silly reify   '/Users/achraf/pro/Medoc/apps/practice-host-ui/node_modules/medoc-tauri-host': '/Users/achraf/pro/Medoc/apps/practice-host-ui/node_modules/.medoc-tauri-host-zBArA4Sy',
24 silly reify   '/Users/achraf/pro/Medoc/apps/practice-host-ui/node_modules/@medoc/system-company': '/Users/achraf/pro/Medoc/apps/practice-host-ui/node_modules/@medoc/.system-company-aqItwjQT',
24 silly reify   '/Users/achraf/pro/Medoc/apps/practice-host-ui/node_modules/@medoc/system-practice': '/Users/achraf/pro/Medoc/apps/practice-host-ui/node_modules/@medoc/.system-practice-KUpFxK4d'
24 silly reify }
25 http cache zustand@https://registry.npmjs.org/zustand/-/zustand-5.0.12.tgz 0ms (cache hit)
26 http cache zod-validation-error@https://registry.npmjs.org/zod-validation-error/-/zod-validation-error-4.0.2.tgz 0ms (cache hit)
27 http cache zod@https://registry.npmjs.org/zod/-/zod-3.25.76.tgz 0ms (cache hit)
28 http cache yocto-queue@https://registry.npmjs.org/yocto-queue/-/yocto-queue-0.1.0.tgz 0ms (cache hit)
29 http cache yallist@https://registry.npmjs.org/yallist/-/yallist-3.1.1.tgz 0ms (cache hit)
30 http cache xml-name-validator@https://registry.npmjs.org/xml-name-validator/-/xml-name-validator-5.0.0.tgz 0ms (cache hit)
31 http cache wrap-ansi-cjs@https://registry.npmjs.org/wrap-ansi/-/wrap-ansi-7.0.0.tgz 0ms (cache hit)
32 http cache word-wrap@https://registry.npmjs.org/word-wrap/-/word-wrap-1.2.5.tgz 0ms (cache hit)
33 http cache why-is-node-running@https://registry.npmjs.org/why-is-node-running/-/why-is-node-running-2.3.0.tgz 0ms (cache hit)
34 http cache which@https://registry.npmjs.org/which/-/which-2.0.2.tgz 0ms (cache hit)
35 http cache wrap-ansi@https://registry.npmjs.org/wrap-ansi/-/wrap-ansi-8.1.0.tgz 0ms (cache hit)
36 http cache whatwg-url@https://registry.npmjs.org/whatwg-url/-/whatwg-url-16.0.1.tgz 0ms (cache hit)
37 http cache webidl-conversions@https://registry.npmjs.org/webidl-conversions/-/webidl-conversions-8.0.1.tgz 0ms (cache hit)
38 http cache whatwg-mimetype@https://registry.npmjs.org/whatwg-mimetype/-/whatwg-mimetype-5.0.0.tgz 0ms (cache hit)
39 http cache xmlchars@https://registry.npmjs.org/xmlchars/-/xmlchars-2.2.0.tgz 0ms (cache hit)
40 http cache void-elements@https://registry.npmjs.org/void-elements/-/void-elements-3.1.0.tgz 0ms (cache hit)
41 http cache vitest@https://registry.npmjs.org/vitest/-/vitest-3.2.4.tgz 0ms (cache hit)
42 http cache w3c-xmlserializer@https://registry.npmjs.org/w3c-xmlserializer/-/w3c-xmlserializer-5.0.0.tgz 0ms (cache hit)
43 http cache victory-vendor@https://registry.npmjs.org/victory-vendor/-/victory-vendor-36.9.2.tgz 0ms (cache hit)
44 http cache util-deprecate@https://registry.npmjs.org/util-deprecate/-/util-deprecate-1.0.2.tgz 0ms (cache hit)
45 http cache use-sync-external-store@https://registry.npmjs.org/use-sync-external-store/-/use-sync-external-store-1.6.0.tgz 0ms (cache hit)
46 http cache vite@https://registry.npmjs.org/vite/-/vite-6.4.2.tgz 0ms (cache hit)
47 http cache update-browserslist-db@https://registry.npmjs.org/update-browserslist-db/-/update-browserslist-db-1.2.3.tgz 0ms (cache hit)
48 http cache uri-js@https://registry.npmjs.org/uri-js/-/uri-js-4.4.1.tgz 0ms (cache hit)
49 http cache undici-types@https://registry.npmjs.org/undici-types/-/undici-types-7.25.0.tgz 0ms (cache hit)
50 http cache undici@https://registry.npmjs.org/undici/-/undici-7.25.0.tgz 0ms (cache hit)
51 http cache typescript-eslint@https://registry.npmjs.org/typescript-eslint/-/typescript-eslint-8.58.2.tgz 0ms (cache hit)
52 http cache typescript@https://registry.npmjs.org/typescript/-/typescript-5.9.3.tgz 0ms (cache hit)
53 http cache type-check@https://registry.npmjs.org/type-check/-/type-check-0.4.0.tgz 0ms (cache hit)
54 http cache vite-node@https://registry.npmjs.org/vite-node/-/vite-node-3.2.4.tgz 0ms (cache hit)
55 http cache to-regex-range@https://registry.npmjs.org/to-regex-range/-/to-regex-range-5.0.1.tgz 0ms (cache hit)
56 http cache ts-api-utils@https://registry.npmjs.org/ts-api-utils/-/ts-api-utils-2.5.0.tgz 0ms (cache hit)
57 http cache tough-cookie@https://registry.npmjs.org/tough-cookie/-/tough-cookie-6.0.1.tgz 0ms (cache hit)
58 http cache ts-interface-checker@https://registry.npmjs.org/ts-interface-checker/-/ts-interface-checker-0.1.13.tgz 0ms (cache hit)
59 http cache tr46@https://registry.npmjs.org/tr46/-/tr46-6.0.0.tgz 0ms (cache hit)
60 http cache tldts@https://registry.npmjs.org/tldts/-/tldts-7.0.29.tgz 0ms (cache hit)
61 http cache tinyrainbow@https://registry.npmjs.org/tinyrainbow/-/tinyrainbow-2.0.0.tgz 0ms (cache hit)
62 http cache tldts-core@https://registry.npmjs.org/tldts-core/-/tldts-core-7.0.29.tgz 0ms (cache hit)
63 http cache tinypool@https://registry.npmjs.org/tinypool/-/tinypool-1.1.1.tgz 0ms (cache hit)
64 http cache tinyglobby@https://registry.npmjs.org/tinyglobby/-/tinyglobby-0.2.16.tgz 0ms (cache hit)
65 http cache tinyspy@https://registry.npmjs.org/tinyspy/-/tinyspy-4.0.4.tgz 0ms (cache hit)
66 http cache tinyexec@https://registry.npmjs.org/tinyexec/-/tinyexec-0.3.2.tgz 0ms (cache hit)
67 http cache tiny-invariant@https://registry.npmjs.org/tiny-invariant/-/tiny-invariant-1.3.3.tgz 0ms (cache hit)
68 http cache tinybench@https://registry.npmjs.org/tinybench/-/tinybench-2.9.0.tgz 0ms (cache hit)
69 http cache thenify-all@https://registry.npmjs.org/thenify-all/-/thenify-all-1.6.0.tgz 0ms (cache hit)
70 http cache thenify@https://registry.npmjs.org/thenify/-/thenify-3.3.1.tgz 0ms (cache hit)
71 http cache test-exclude@https://registry.npmjs.org/test-exclude/-/test-exclude-7.0.2.tgz 0ms (cache hit)
72 http cache tailwind-merge@https://registry.npmjs.org/tailwind-merge/-/tailwind-merge-3.5.0.tgz 0ms (cache hit)
73 http cache supports-preserve-symlinks-flag@https://registry.npmjs.org/supports-preserve-symlinks-flag/-/supports-preserve-symlinks-flag-1.0.0.tgz 0ms (cache hit)
74 http cache tailwindcss@https://registry.npmjs.org/tailwindcss/-/tailwindcss-3.4.19.tgz 0ms (cache hit)
75 http cache symbol-tree@https://registry.npmjs.org/symbol-tree/-/symbol-tree-3.2.4.tgz 0ms (cache hit)
76 http cache supports-color@https://registry.npmjs.org/supports-color/-/supports-color-7.2.0.tgz 0ms (cache hit)
77 http cache sucrase@https://registry.npmjs.org/sucrase/-/sucrase-3.35.1.tgz 0ms (cache hit)
78 http cache strip-literal@https://registry.npmjs.org/strip-literal/-/strip-literal-3.1.0.tgz 0ms (cache hit)
79 http cache strip-json-comments@https://registry.npmjs.org/strip-json-comments/-/strip-json-comments-3.1.1.tgz 0ms (cache hit)
80 http cache strip-indent@https://registry.npmjs.org/strip-indent/-/strip-indent-3.0.0.tgz 0ms (cache hit)
81 http cache strip-ansi-cjs@https://registry.npmjs.org/strip-ansi/-/strip-ansi-6.0.1.tgz 0ms (cache hit)
82 http cache string-width-cjs@https://registry.npmjs.org/string-width/-/string-width-4.2.3.tgz 0ms (cache hit)
83 http cache std-env@https://registry.npmjs.org/std-env/-/std-env-3.10.0.tgz 0ms (cache hit)
84 http cache string-width@https://registry.npmjs.org/string-width/-/string-width-5.1.2.tgz 0ms (cache hit)
85 http cache stackback@https://registry.npmjs.org/stackback/-/stackback-0.0.2.tgz 0ms (cache hit)
86 http cache signal-exit@https://registry.npmjs.org/signal-exit/-/signal-exit-4.1.0.tgz 0ms (cache hit)
87 http cache strip-ansi@https://registry.npmjs.org/strip-ansi/-/strip-ansi-7.2.0.tgz 0ms (cache hit)
88 http cache siginfo@https://registry.npmjs.org/siginfo/-/siginfo-2.0.0.tgz 0ms (cache hit)
89 http cache shebang-regex@https://registry.npmjs.org/shebang-regex/-/shebang-regex-3.0.0.tgz 0ms (cache hit)
90 http cache source-map-js@https://registry.npmjs.org/source-map-js/-/source-map-js-1.2.1.tgz 0ms (cache hit)
91 http cache set-cookie-parser@https://registry.npmjs.org/set-cookie-parser/-/set-cookie-parser-2.7.2.tgz 0ms (cache hit)
92 http cache shebang-command@https://registry.npmjs.org/shebang-command/-/shebang-command-2.0.0.tgz 0ms (cache hit)
93 http cache semver@https://registry.npmjs.org/semver/-/semver-6.3.1.tgz 0ms (cache hit)
94 http cache run-parallel@https://registry.npmjs.org/run-parallel/-/run-parallel-1.2.0.tgz 0ms (cache hit)
95 http cache saxes@https://registry.npmjs.org/saxes/-/saxes-6.0.0.tgz 0ms (cache hit)
96 http cache rollup@https://registry.npmjs.org/rollup/-/rollup-4.60.2.tgz 0ms (cache hit)
97 http cache scheduler@https://registry.npmjs.org/scheduler/-/scheduler-0.27.0.tgz 0ms (cache hit)
98 http cache reusify@https://registry.npmjs.org/reusify/-/reusify-1.1.0.tgz 0ms (cache hit)
99 http cache resolve-from@https://registry.npmjs.org/resolve-from/-/resolve-from-4.0.0.tgz 0ms (cache hit)
100 http cache resolve@https://registry.npmjs.org/resolve/-/resolve-1.22.12.tgz 0ms (cache hit)
101 http cache require-from-string@https://registry.npmjs.org/require-from-string/-/require-from-string-2.0.2.tgz 0ms (cache hit)
102 http cache redent@https://registry.npmjs.org/redent/-/redent-3.0.0.tgz 0ms (cache hit)
103 http cache recharts-scale@https://registry.npmjs.org/recharts-scale/-/recharts-scale-0.4.5.tgz 0ms (cache hit)
104 http cache recharts@https://registry.npmjs.org/recharts/-/recharts-2.15.4.tgz 0ms (cache hit)
105 http cache readdirp@https://registry.npmjs.org/readdirp/-/readdirp-3.6.0.tgz 0ms (cache hit)
106 http cache read-cache@https://registry.npmjs.org/read-cache/-/read-cache-1.0.0.tgz 0ms (cache hit)
107 http cache react-transition-group@https://registry.npmjs.org/react-transition-group/-/react-transition-group-4.4.5.tgz 0ms (cache hit)
108 http cache react-router-dom@https://registry.npmjs.org/react-router-dom/-/react-router-dom-7.14.1.tgz 0ms (cache hit)
109 http cache react-smooth@https://registry.npmjs.org/react-smooth/-/react-smooth-4.0.4.tgz 0ms (cache hit)
110 http cache react-router@https://registry.npmjs.org/react-router/-/react-router-7.14.1.tgz 0ms (cache hit)
111 http cache react-refresh@https://registry.npmjs.org/react-refresh/-/react-refresh-0.17.0.tgz 0ms (cache hit)
112 http cache react-i18next@https://registry.npmjs.org/react-i18next/-/react-i18next-17.0.8.tgz 0ms (cache hit)
113 http cache react-dom@https://registry.npmjs.org/react-dom/-/react-dom-19.2.5.tgz 0ms (cache hit)
114 http cache react-is@https://registry.npmjs.org/react-is/-/react-is-18.3.1.tgz 0ms (cache hit)
115 http cache react@https://registry.npmjs.org/react/-/react-19.2.5.tgz 0ms (cache hit)
116 http cache queue-microtask@https://registry.npmjs.org/queue-microtask/-/queue-microtask-1.2.3.tgz 0ms (cache hit)
117 http cache prop-types@https://registry.npmjs.org/prop-types/-/prop-types-15.8.1.tgz 0ms (cache hit)
118 http cache pretty-format@https://registry.npmjs.org/pretty-format/-/pretty-format-27.5.1.tgz 0ms (cache hit)
119 http cache punycode@https://registry.npmjs.org/punycode/-/punycode-2.3.1.tgz 0ms (cache hit)
120 http cache prelude-ls@https://registry.npmjs.org/prelude-ls/-/prelude-ls-1.2.1.tgz 0ms (cache hit)
121 http cache postcss-value-parser@https://registry.npmjs.org/postcss-value-parser/-/postcss-value-parser-4.2.0.tgz 0ms (cache hit)
122 http cache postcss-selector-parser@https://registry.npmjs.org/postcss-selector-parser/-/postcss-selector-parser-6.1.2.tgz 0ms (cache hit)
123 http cache postcss-nested@https://registry.npmjs.org/postcss-nested/-/postcss-nested-6.2.0.tgz 0ms (cache hit)
124 http cache postcss-load-config@https://registry.npmjs.org/postcss-load-config/-/postcss-load-config-6.0.1.tgz 0ms (cache hit)
125 http cache postcss-js@https://registry.npmjs.org/postcss-js/-/postcss-js-4.1.0.tgz 0ms (cache hit)
126 http cache postcss@https://registry.npmjs.org/postcss/-/postcss-8.5.10.tgz 0ms (cache hit)
127 http cache playwright-core@https://registry.npmjs.org/playwright-core/-/playwright-core-1.60.0.tgz 0ms (cache hit)
128 http cache playwright@https://registry.npmjs.org/playwright/-/playwright-1.60.0.tgz 0ms (cache hit)
129 http cache pirates@https://registry.npmjs.org/pirates/-/pirates-4.0.7.tgz 0ms (cache hit)
130 http cache postcss-import@https://registry.npmjs.org/postcss-import/-/postcss-import-15.1.0.tgz 0ms (cache hit)
131 http cache pify@https://registry.npmjs.org/pify/-/pify-2.3.0.tgz 0ms (cache hit)
132 http cache picocolors@https://registry.npmjs.org/picocolors/-/picocolors-1.1.1.tgz 0ms (cache hit)
133 http cache pathval@https://registry.npmjs.org/pathval/-/pathval-2.0.1.tgz 0ms (cache hit)
134 http cache picomatch@https://registry.npmjs.org/picomatch/-/picomatch-2.3.2.tgz 0ms (cache hit)
135 http cache pathe@https://registry.npmjs.org/pathe/-/pathe-2.0.3.tgz 0ms (cache hit)
136 http cache path-scurry@https://registry.npmjs.org/path-scurry/-/path-scurry-1.11.1.tgz 0ms (cache hit)
137 http cache path-parse@https://registry.npmjs.org/path-parse/-/path-parse-1.0.7.tgz 0ms (cache hit)
138 http cache path-key@https://registry.npmjs.org/path-key/-/path-key-3.1.1.tgz 0ms (cache hit)
139 http cache parse5@https://registry.npmjs.org/parse5/-/parse5-8.0.1.tgz 0ms (cache hit)
140 http cache path-exists@https://registry.npmjs.org/path-exists/-/path-exists-4.0.0.tgz 0ms (cache hit)
141 http cache parent-module@https://registry.npmjs.org/parent-module/-/parent-module-1.0.1.tgz 0ms (cache hit)
142 http cache package-json-from-dist@https://registry.npmjs.org/package-json-from-dist/-/package-json-from-dist-1.0.1.tgz 0ms (cache hit)
143 http cache optionator@https://registry.npmjs.org/optionator/-/optionator-0.9.4.tgz 0ms (cache hit)
144 http cache p-limit@https://registry.npmjs.org/p-limit/-/p-limit-3.1.0.tgz 0ms (cache hit)
145 http cache p-locate@https://registry.npmjs.org/p-locate/-/p-locate-5.0.0.tgz 0ms (cache hit)
146 http cache object-hash@https://registry.npmjs.org/object-hash/-/object-hash-3.0.0.tgz 0ms (cache hit)
147 http cache object-assign@https://registry.npmjs.org/object-assign/-/object-assign-4.1.1.tgz 0ms (cache hit)
148 http cache normalize-path@https://registry.npmjs.org/normalize-path/-/normalize-path-3.0.0.tgz 0ms (cache hit)
149 http cache node-releases@https://registry.npmjs.org/node-releases/-/node-releases-2.0.37.tgz 0ms (cache hit)
150 http cache mz@https://registry.npmjs.org/mz/-/mz-2.7.0.tgz 0ms (cache hit)
151 http cache ms@https://registry.npmjs.org/ms/-/ms-2.1.3.tgz 0ms (cache hit)
152 http cache minipass@https://registry.npmjs.org/minipass/-/minipass-7.1.3.tgz 0ms (cache hit)
153 http cache nanoid@https://registry.npmjs.org/nanoid/-/nanoid-3.3.11.tgz 0ms (cache hit)
154 http cache minimatch@https://registry.npmjs.org/minimatch/-/minimatch-3.1.5.tgz 0ms (cache hit)
155 http cache natural-compare@https://registry.npmjs.org/natural-compare/-/natural-compare-1.4.0.tgz 0ms (cache hit)
156 http cache merge2@https://registry.npmjs.org/merge2/-/merge2-1.4.1.tgz 0ms (cache hit)
157 http cache micromatch@https://registry.npmjs.org/micromatch/-/micromatch-4.0.8.tgz 0ms (cache hit)
158 http cache mdn-data@https://registry.npmjs.org/mdn-data/-/mdn-data-2.27.1.tgz 0ms (cache hit)
159 http cache magicast@https://registry.npmjs.org/magicast/-/magicast-0.3.5.tgz 0ms (cache hit)
160 http cache lz-string@https://registry.npmjs.org/lz-string/-/lz-string-1.5.0.tgz 0ms (cache hit)
161 http cache make-dir@https://registry.npmjs.org/make-dir/-/make-dir-4.0.0.tgz 0ms (cache hit)
162 http cache magic-string@https://registry.npmjs.org/magic-string/-/magic-string-0.30.21.tgz 0ms (cache hit)
163 http cache lru-cache@https://registry.npmjs.org/lru-cache/-/lru-cache-5.1.1.tgz 0ms (cache hit)
164 http cache loupe@https://registry.npmjs.org/loupe/-/loupe-3.2.1.tgz 0ms (cache hit)
165 http cache min-indent@https://registry.npmjs.org/min-indent/-/min-indent-1.0.1.tgz 0ms (cache hit)
166 http cache loose-envify@https://registry.npmjs.org/loose-envify/-/loose-envify-1.4.0.tgz 0ms (cache hit)
167 http cache locate-path@https://registry.npmjs.org/locate-path/-/locate-path-6.0.0.tgz 0ms (cache hit)
168 http cache lodash.merge@https://registry.npmjs.org/lodash.merge/-/lodash.merge-4.6.2.tgz 0ms (cache hit)
169 http cache lilconfig@https://registry.npmjs.org/lilconfig/-/lilconfig-3.1.3.tgz 0ms (cache hit)
170 http cache lines-and-columns@https://registry.npmjs.org/lines-and-columns/-/lines-and-columns-1.2.4.tgz 0ms (cache hit)
171 http cache levn@https://registry.npmjs.org/levn/-/levn-0.4.1.tgz 0ms (cache hit)
172 http cache keyv@https://registry.npmjs.org/keyv/-/keyv-4.5.4.tgz 0ms (cache hit)
173 http cache lodash@https://registry.npmjs.org/lodash/-/lodash-4.18.1.tgz 0ms (cache hit)
174 http cache json-stable-stringify-without-jsonify@https://registry.npmjs.org/json-stable-stringify-without-jsonify/-/json-stable-stringify-without-jsonify-1.0.1.tgz 0ms (cache hit)
175 http cache json5@https://registry.npmjs.org/json5/-/json5-2.2.3.tgz 0ms (cache hit)
176 http cache jsdom@https://registry.npmjs.org/jsdom/-/jsdom-29.1.1.tgz 0ms (cache hit)
177 http cache js-yaml@https://registry.npmjs.org/js-yaml/-/js-yaml-4.1.1.tgz 0ms (cache hit)
178 http cache json-schema-traverse@https://registry.npmjs.org/json-schema-traverse/-/json-schema-traverse-0.4.1.tgz 0ms (cache hit)
179 http cache js-tokens@https://registry.npmjs.org/js-tokens/-/js-tokens-4.0.0.tgz 0ms (cache hit)
180 http cache jiti@https://registry.npmjs.org/jiti/-/jiti-1.21.7.tgz 0ms (cache hit)
181 http cache jackspeak@https://registry.npmjs.org/jackspeak/-/jackspeak-3.4.3.tgz 0ms (cache hit)
182 http cache istanbul-reports@https://registry.npmjs.org/istanbul-reports/-/istanbul-reports-3.2.0.tgz 0ms (cache hit)
183 http cache json-buffer@https://registry.npmjs.org/json-buffer/-/json-buffer-3.0.1.tgz 0ms (cache hit)
184 http cache istanbul-lib-report@https://registry.npmjs.org/istanbul-lib-report/-/istanbul-lib-report-3.0.1.tgz 0ms (cache hit)
185 http cache istanbul-lib-source-maps@https://registry.npmjs.org/istanbul-lib-source-maps/-/istanbul-lib-source-maps-5.0.6.tgz 0ms (cache hit)
186 http cache is-potential-custom-element-name@https://registry.npmjs.org/is-potential-custom-element-name/-/is-potential-custom-element-name-1.0.1.tgz 0ms (cache hit)
187 http cache jsesc@https://registry.npmjs.org/jsesc/-/jsesc-3.1.0.tgz 0ms (cache hit)
188 http cache isexe@https://registry.npmjs.org/isexe/-/isexe-2.0.0.tgz 0ms (cache hit)
189 http cache is-number@https://registry.npmjs.org/is-number/-/is-number-7.0.0.tgz 0ms (cache hit)
190 http cache is-glob@https://registry.npmjs.org/is-glob/-/is-glob-4.0.3.tgz 0ms (cache hit)
191 http cache istanbul-lib-coverage@https://registry.npmjs.org/istanbul-lib-coverage/-/istanbul-lib-coverage-3.2.2.tgz 0ms (cache hit)
192 http cache is-extglob@https://registry.npmjs.org/is-extglob/-/is-extglob-2.1.1.tgz 0ms (cache hit)
193 http cache internmap@https://registry.npmjs.org/internmap/-/internmap-2.0.3.tgz 0ms (cache hit)
194 http cache is-fullwidth-code-point@https://registry.npmjs.org/is-fullwidth-code-point/-/is-fullwidth-code-point-3.0.0.tgz 0ms (cache hit)
195 http cache is-binary-path@https://registry.npmjs.org/is-binary-path/-/is-binary-path-2.1.0.tgz 0ms (cache hit)
196 http cache indent-string@https://registry.npmjs.org/indent-string/-/indent-string-4.0.0.tgz 0ms (cache hit)
197 http cache is-core-module@https://registry.npmjs.org/is-core-module/-/is-core-module-2.16.1.tgz 0ms (cache hit)
198 http cache import-fresh@https://registry.npmjs.org/import-fresh/-/import-fresh-3.3.1.tgz 0ms (cache hit)
199 http cache ignore@https://registry.npmjs.org/ignore/-/ignore-5.3.2.tgz 0ms (cache hit)
200 http cache i18next@https://registry.npmjs.org/i18next/-/i18next-26.3.1.tgz 0ms (cache hit)
201 http cache html-parse-stringify@https://registry.npmjs.org/html-parse-stringify/-/html-parse-stringify-3.0.1.tgz 0ms (cache hit)
202 http cache imurmurhash@https://registry.npmjs.org/imurmurhash/-/imurmurhash-0.1.4.tgz 0ms (cache hit)
203 http cache html-escaper@https://registry.npmjs.org/html-escaper/-/html-escaper-2.0.2.tgz 0ms (cache hit)
204 http cache hermes-parser@https://registry.npmjs.org/hermes-parser/-/hermes-parser-0.25.1.tgz 0ms (cache hit)
205 http cache hermes-estree@https://registry.npmjs.org/hermes-estree/-/hermes-estree-0.25.1.tgz 0ms (cache hit)
206 http cache hasown@https://registry.npmjs.org/hasown/-/hasown-2.0.3.tgz 0ms (cache hit)
207 http cache html-encoding-sniffer@https://registry.npmjs.org/html-encoding-sniffer/-/html-encoding-sniffer-6.0.0.tgz 0ms (cache hit)
208 http cache globals@https://registry.npmjs.org/globals/-/globals-16.5.0.tgz 0ms (cache hit)
209 http cache has-flag@https://registry.npmjs.org/has-flag/-/has-flag-4.0.0.tgz 0ms (cache hit)
210 http cache glob@https://registry.npmjs.org/glob/-/glob-10.5.0.tgz 0ms (cache hit)
211 http cache gensync@https://registry.npmjs.org/gensync/-/gensync-1.0.0-beta.2.tgz 0ms (cache hit)
212 http cache function-bind@https://registry.npmjs.org/function-bind/-/function-bind-1.1.2.tgz 0ms (cache hit)
213 http cache fraction.js@https://registry.npmjs.org/fraction.js/-/fraction.js-5.3.4.tgz 0ms (cache hit)
214 http cache foreground-child@https://registry.npmjs.org/foreground-child/-/foreground-child-3.3.1.tgz 0ms (cache hit)
215 http cache flatted@https://registry.npmjs.org/flatted/-/flatted-3.4.2.tgz 0ms (cache hit)
216 http cache fsevents@https://registry.npmjs.org/fsevents/-/fsevents-2.3.3.tgz 0ms (cache hit)
217 http cache flat-cache@https://registry.npmjs.org/flat-cache/-/flat-cache-4.0.1.tgz 0ms (cache hit)
218 http cache find-up@https://registry.npmjs.org/find-up/-/find-up-5.0.0.tgz 0ms (cache hit)
219 http cache fill-range@https://registry.npmjs.org/fill-range/-/fill-range-7.1.1.tgz 0ms (cache hit)
220 http cache file-entry-cache@https://registry.npmjs.org/file-entry-cache/-/file-entry-cache-8.0.0.tgz 0ms (cache hit)
221 http cache fastq@https://registry.npmjs.org/fastq/-/fastq-1.20.1.tgz 0ms (cache hit)
222 http cache fast-levenshtein@https://registry.npmjs.org/fast-levenshtein/-/fast-levenshtein-2.0.6.tgz 0ms (cache hit)
223 http cache fast-json-stable-stringify@https://registry.npmjs.org/fast-json-stable-stringify/-/fast-json-stable-stringify-2.1.0.tgz 0ms (cache hit)
224 http cache fast-glob@https://registry.npmjs.org/fast-glob/-/fast-glob-3.3.3.tgz 0ms (cache hit)
225 http cache fast-equals@https://registry.npmjs.org/fast-equals/-/fast-equals-5.4.0.tgz 0ms (cache hit)
226 http cache fast-deep-equal@https://registry.npmjs.org/fast-deep-equal/-/fast-deep-equal-3.1.3.tgz 0ms (cache hit)
227 http cache esutils@https://registry.npmjs.org/esutils/-/esutils-2.0.3.tgz 0ms (cache hit)
228 http cache estree-walker@https://registry.npmjs.org/estree-walker/-/estree-walker-3.0.3.tgz 0ms (cache hit)
229 http cache expect-type@https://registry.npmjs.org/expect-type/-/expect-type-1.3.0.tgz 0ms (cache hit)
230 http cache estraverse@https://registry.npmjs.org/estraverse/-/estraverse-5.3.0.tgz 0ms (cache hit)
231 http cache glob-parent@https://registry.npmjs.org/glob-parent/-/glob-parent-6.0.2.tgz 0ms (cache hit)
232 http cache esrecurse@https://registry.npmjs.org/esrecurse/-/esrecurse-4.3.0.tgz 0ms (cache hit)
233 http cache esquery@https://registry.npmjs.org/esquery/-/esquery-1.7.0.tgz 0ms (cache hit)
234 http cache eventemitter3@https://registry.npmjs.org/eventemitter3/-/eventemitter3-4.0.7.tgz 0ms (cache hit)
235 http cache eslint-visitor-keys@https://registry.npmjs.org/eslint-visitor-keys/-/eslint-visitor-keys-4.2.1.tgz 0ms (cache hit)
236 http cache eslint-scope@https://registry.npmjs.org/eslint-scope/-/eslint-scope-8.4.0.tgz 0ms (cache hit)
237 http cache eslint-plugin-react-hooks@https://registry.npmjs.org/eslint-plugin-react-hooks/-/eslint-plugin-react-hooks-7.1.1.tgz 0ms (cache hit)
238 http cache eslint-plugin-react-refresh@https://registry.npmjs.org/eslint-plugin-react-refresh/-/eslint-plugin-react-refresh-0.4.26.tgz 0ms (cache hit)
239 http cache eslint@https://registry.npmjs.org/eslint/-/eslint-9.39.4.tgz 0ms (cache hit)
240 http cache escape-string-regexp@https://registry.npmjs.org/escape-string-regexp/-/escape-string-regexp-4.0.0.tgz 0ms (cache hit)
241 http cache escalade@https://registry.npmjs.org/escalade/-/escalade-3.2.0.tgz 0ms (cache hit)
242 http cache esbuild@https://registry.npmjs.org/esbuild/-/esbuild-0.25.12.tgz 0ms (cache hit)
243 http cache es-module-lexer@https://registry.npmjs.org/es-module-lexer/-/es-module-lexer-1.7.0.tgz 0ms (cache hit)
244 http cache espree@https://registry.npmjs.org/espree/-/espree-10.4.0.tgz 0ms (cache hit)
245 http cache es-errors@https://registry.npmjs.org/es-errors/-/es-errors-1.3.0.tgz 0ms (cache hit)
246 http cache entities@https://registry.npmjs.org/entities/-/entities-8.0.0.tgz 0ms (cache hit)
247 http cache emoji-regex@https://registry.npmjs.org/emoji-regex/-/emoji-regex-9.2.2.tgz 0ms (cache hit)
248 http cache electron-to-chromium@https://registry.npmjs.org/electron-to-chromium/-/electron-to-chromium-1.5.340.tgz 0ms (cache hit)
249 http cache eastasianwidth@https://registry.npmjs.org/eastasianwidth/-/eastasianwidth-0.2.0.tgz 0ms (cache hit)
250 http cache dom-helpers@https://registry.npmjs.org/dom-helpers/-/dom-helpers-5.2.1.tgz 0ms (cache hit)
251 http cache dom-accessibility-api@https://registry.npmjs.org/dom-accessibility-api/-/dom-accessibility-api-0.5.16.tgz 0ms (cache hit)
252 http cache dlv@https://registry.npmjs.org/dlv/-/dlv-1.1.3.tgz 0ms (cache hit)
253 http cache didyoumean@https://registry.npmjs.org/didyoumean/-/didyoumean-1.2.2.tgz 0ms (cache hit)
254 http cache dequal@https://registry.npmjs.org/dequal/-/dequal-2.0.3.tgz 0ms (cache hit)
255 http cache deep-is@https://registry.npmjs.org/deep-is/-/deep-is-0.1.4.tgz 0ms (cache hit)
256 http cache deep-eql@https://registry.npmjs.org/deep-eql/-/deep-eql-5.0.2.tgz 0ms (cache hit)
257 http cache decimal.js-light@https://registry.npmjs.org/decimal.js-light/-/decimal.js-light-2.5.1.tgz 0ms (cache hit)
258 http cache decimal.js@https://registry.npmjs.org/decimal.js/-/decimal.js-10.6.0.tgz 0ms (cache hit)
259 http cache debug@https://registry.npmjs.org/debug/-/debug-4.4.3.tgz 0ms (cache hit)
260 http cache date-fns@https://registry.npmjs.org/date-fns/-/date-fns-4.1.0.tgz 0ms (cache hit)
261 http cache data-urls@https://registry.npmjs.org/data-urls/-/data-urls-7.0.0.tgz 0ms (cache hit)
262 http cache d3-timer@https://registry.npmjs.org/d3-timer/-/d3-timer-3.0.1.tgz 0ms (cache hit)
263 http cache d3-time@https://registry.npmjs.org/d3-time/-/d3-time-3.1.0.tgz 0ms (cache hit)
264 http cache d3-shape@https://registry.npmjs.org/d3-shape/-/d3-shape-3.2.0.tgz 0ms (cache hit)
265 http cache d3-scale@https://registry.npmjs.org/d3-scale/-/d3-scale-4.0.2.tgz 0ms (cache hit)
266 http cache d3-time-format@https://registry.npmjs.org/d3-time-format/-/d3-time-format-4.1.0.tgz 0ms (cache hit)
267 http cache d3-path@https://registry.npmjs.org/d3-path/-/d3-path-3.1.0.tgz 0ms (cache hit)
268 http cache d3-interpolate@https://registry.npmjs.org/d3-interpolate/-/d3-interpolate-3.0.1.tgz 0ms (cache hit)
269 http cache d3-color@https://registry.npmjs.org/d3-color/-/d3-color-3.1.0.tgz 0ms (cache hit)
270 http cache d3-ease@https://registry.npmjs.org/d3-ease/-/d3-ease-3.0.1.tgz 0ms (cache hit)
271 http cache d3-format@https://registry.npmjs.org/d3-format/-/d3-format-3.1.2.tgz 0ms (cache hit)
272 http cache csstype@https://registry.npmjs.org/csstype/-/csstype-3.2.3.tgz 0ms (cache hit)
273 http cache d3-array@https://registry.npmjs.org/d3-array/-/d3-array-3.2.4.tgz 0ms (cache hit)
274 http cache cssesc@https://registry.npmjs.org/cssesc/-/cssesc-3.0.0.tgz 0ms (cache hit)
275 http cache css.escape@https://registry.npmjs.org/css.escape/-/css.escape-1.5.1.tgz 0ms (cache hit)
276 http cache css-tree@https://registry.npmjs.org/css-tree/-/css-tree-3.2.1.tgz 0ms (cache hit)
277 http cache cross-spawn@https://registry.npmjs.org/cross-spawn/-/cross-spawn-7.0.6.tgz 0ms (cache hit)
278 http cache convert-source-map@https://registry.npmjs.org/convert-source-map/-/convert-source-map-2.0.0.tgz 0ms (cache hit)
279 http cache cookie@https://registry.npmjs.org/cookie/-/cookie-1.1.1.tgz 0ms (cache hit)
280 http cache commander@https://registry.npmjs.org/commander/-/commander-4.1.1.tgz 0ms (cache hit)
281 http cache color-name@https://registry.npmjs.org/color-name/-/color-name-1.1.4.tgz 0ms (cache hit)
282 http cache color-convert@https://registry.npmjs.org/color-convert/-/color-convert-2.0.1.tgz 0ms (cache hit)
283 http cache clsx@https://registry.npmjs.org/clsx/-/clsx-2.1.1.tgz 0ms (cache hit)
284 http cache check-error@https://registry.npmjs.org/check-error/-/check-error-2.1.3.tgz 0ms (cache hit)
285 http cache chai@https://registry.npmjs.org/chai/-/chai-5.3.3.tgz 0ms (cache hit)
286 http cache chalk@https://registry.npmjs.org/chalk/-/chalk-4.1.2.tgz 0ms (cache hit)
287 http cache chokidar@https://registry.npmjs.org/chokidar/-/chokidar-3.6.0.tgz 0ms (cache hit)
288 http cache caniuse-lite@https://registry.npmjs.org/caniuse-lite/-/caniuse-lite-1.0.30001788.tgz 0ms (cache hit)
289 http cache camelcase-css@https://registry.npmjs.org/camelcase-css/-/camelcase-css-2.0.1.tgz 0ms (cache hit)
290 http cache callsites@https://registry.npmjs.org/callsites/-/callsites-3.1.0.tgz 0ms (cache hit)
291 http cache cac@https://registry.npmjs.org/cac/-/cac-6.7.14.tgz 0ms (cache hit)
292 http cache browserslist@https://registry.npmjs.org/browserslist/-/browserslist-4.28.2.tgz 0ms (cache hit)
293 http cache brace-expansion@https://registry.npmjs.org/brace-expansion/-/brace-expansion-1.1.14.tgz 0ms (cache hit)
294 http cache binary-extensions@https://registry.npmjs.org/binary-extensions/-/binary-extensions-2.3.0.tgz 0ms (cache hit)
295 http cache bidi-js@https://registry.npmjs.org/bidi-js/-/bidi-js-1.0.3.tgz 0ms (cache hit)
296 http cache baseline-browser-mapping@https://registry.npmjs.org/baseline-browser-mapping/-/baseline-browser-mapping-2.10.20.tgz 0ms (cache hit)
297 http cache concat-map@https://registry.npmjs.org/concat-map/-/concat-map-0.0.1.tgz 0ms (cache hit)
298 http cache balanced-match@https://registry.npmjs.org/balanced-match/-/balanced-match-1.0.2.tgz 0ms (cache hit)
299 http cache autoprefixer@https://registry.npmjs.org/autoprefixer/-/autoprefixer-10.5.0.tgz 0ms (cache hit)
300 http cache braces@https://registry.npmjs.org/braces/-/braces-3.0.3.tgz 0ms (cache hit)
301 http cache assertion-error@https://registry.npmjs.org/assertion-error/-/assertion-error-2.0.1.tgz 0ms (cache hit)
302 http cache aria-query@https://registry.npmjs.org/aria-query/-/aria-query-5.3.0.tgz 0ms (cache hit)
303 http cache argparse@https://registry.npmjs.org/argparse/-/argparse-2.0.1.tgz 0ms (cache hit)
304 http cache arg@https://registry.npmjs.org/arg/-/arg-5.0.2.tgz 0ms (cache hit)
305 http cache ast-v8-to-istanbul@https://registry.npmjs.org/ast-v8-to-istanbul/-/ast-v8-to-istanbul-0.3.12.tgz 0ms (cache hit)
306 http cache any-promise@https://registry.npmjs.org/any-promise/-/any-promise-1.3.0.tgz 0ms (cache hit)
307 http cache ansi-styles@https://registry.npmjs.org/ansi-styles/-/ansi-styles-4.3.0.tgz 0ms (cache hit)
308 http cache acorn-jsx@https://registry.npmjs.org/acorn-jsx/-/acorn-jsx-5.3.2.tgz 0ms (cache hit)
309 http cache ajv@https://registry.npmjs.org/ajv/-/ajv-6.14.0.tgz 0ms (cache hit)
310 http cache anymatch@https://registry.npmjs.org/anymatch/-/anymatch-3.1.3.tgz 0ms (cache hit)
311 http cache acorn@https://registry.npmjs.org/acorn/-/acorn-8.16.0.tgz 0ms (cache hit)
312 http cache @vitest/utils@https://registry.npmjs.org/@vitest/utils/-/utils-3.2.4.tgz 0ms (cache hit)
313 http cache @vitest/snapshot@https://registry.npmjs.org/@vitest/snapshot/-/snapshot-3.2.4.tgz 0ms (cache hit)
314 http cache @vitest/runner@https://registry.npmjs.org/@vitest/runner/-/runner-3.2.4.tgz 0ms (cache hit)
315 http cache @vitest/spy@https://registry.npmjs.org/@vitest/spy/-/spy-3.2.4.tgz 0ms (cache hit)
316 http cache @vitest/mocker@https://registry.npmjs.org/@vitest/mocker/-/mocker-3.2.4.tgz 0ms (cache hit)
317 http cache @vitest/pretty-format@https://registry.npmjs.org/@vitest/pretty-format/-/pretty-format-3.2.4.tgz 0ms (cache hit)
318 http cache @vitest/expect@https://registry.npmjs.org/@vitest/expect/-/expect-3.2.4.tgz 0ms (cache hit)
319 http cache @vitest/coverage-v8@https://registry.npmjs.org/@vitest/coverage-v8/-/coverage-v8-3.2.4.tgz 0ms (cache hit)
320 http cache @vitejs/plugin-react@https://registry.npmjs.org/@vitejs/plugin-react/-/plugin-react-4.7.0.tgz 0ms (cache hit)
321 http cache @typescript-eslint/visitor-keys@https://registry.npmjs.org/@typescript-eslint/visitor-keys/-/visitor-keys-8.58.2.tgz 0ms (cache hit)
322 http cache ansi-regex@https://registry.npmjs.org/ansi-regex/-/ansi-regex-5.0.1.tgz 0ms (cache hit)
323 http cache @typescript-eslint/utils@https://registry.npmjs.org/@typescript-eslint/utils/-/utils-8.58.2.tgz 0ms (cache hit)
324 http cache @typescript-eslint/typescript-estree@https://registry.npmjs.org/@typescript-eslint/typescript-estree/-/typescript-estree-8.58.2.tgz 0ms (cache hit)
325 http cache @typescript-eslint/types@https://registry.npmjs.org/@typescript-eslint/types/-/types-8.58.2.tgz 0ms (cache hit)
326 http cache @typescript-eslint/type-utils@https://registry.npmjs.org/@typescript-eslint/type-utils/-/type-utils-8.58.2.tgz 0ms (cache hit)
327 http cache @typescript-eslint/tsconfig-utils@https://registry.npmjs.org/@typescript-eslint/tsconfig-utils/-/tsconfig-utils-8.58.2.tgz 0ms (cache hit)
328 http cache @typescript-eslint/scope-manager@https://registry.npmjs.org/@typescript-eslint/scope-manager/-/scope-manager-8.58.2.tgz 0ms (cache hit)
329 http cache @typescript-eslint/project-service@https://registry.npmjs.org/@typescript-eslint/project-service/-/project-service-8.58.2.tgz 0ms (cache hit)
330 http cache @typescript-eslint/parser@https://registry.npmjs.org/@typescript-eslint/parser/-/parser-8.58.2.tgz 0ms (cache hit)
331 http cache @typescript-eslint/eslint-plugin@https://registry.npmjs.org/@typescript-eslint/eslint-plugin/-/eslint-plugin-8.58.2.tgz 0ms (cache hit)
332 http cache @types/react-dom@https://registry.npmjs.org/@types/react-dom/-/react-dom-19.2.3.tgz 0ms (cache hit)
333 http cache @types/tough-cookie@https://registry.npmjs.org/@types/tough-cookie/-/tough-cookie-4.0.5.tgz 0ms (cache hit)
334 http cache @types/react@https://registry.npmjs.org/@types/react/-/react-19.2.14.tgz 0ms (cache hit)
335 http cache @types/node@https://registry.npmjs.org/@types/node/-/node-25.6.0.tgz 0ms (cache hit)
336 http cache @types/jsdom@https://registry.npmjs.org/@types/jsdom/-/jsdom-28.0.1.tgz 0ms (cache hit)
337 http cache @types/estree@https://registry.npmjs.org/@types/estree/-/estree-1.0.8.tgz 0ms (cache hit)
338 http cache @types/deep-eql@https://registry.npmjs.org/@types/deep-eql/-/deep-eql-4.0.2.tgz 0ms (cache hit)
339 http cache @types/d3-timer@https://registry.npmjs.org/@types/d3-timer/-/d3-timer-3.0.2.tgz 0ms (cache hit)
340 http cache @types/json-schema@https://registry.npmjs.org/@types/json-schema/-/json-schema-7.0.15.tgz 0ms (cache hit)
341 http cache @types/d3-time@https://registry.npmjs.org/@types/d3-time/-/d3-time-3.0.4.tgz 0ms (cache hit)
342 http cache @types/d3-shape@https://registry.npmjs.org/@types/d3-shape/-/d3-shape-3.1.8.tgz 0ms (cache hit)
343 http cache @types/d3-path@https://registry.npmjs.org/@types/d3-path/-/d3-path-3.1.1.tgz 0ms (cache hit)
344 http cache @types/d3-interpolate@https://registry.npmjs.org/@types/d3-interpolate/-/d3-interpolate-3.0.4.tgz 0ms (cache hit)
345 http cache @types/d3-ease@https://registry.npmjs.org/@types/d3-ease/-/d3-ease-3.0.2.tgz 0ms (cache hit)
346 http cache @types/d3-color@https://registry.npmjs.org/@types/d3-color/-/d3-color-3.1.3.tgz 0ms (cache hit)
347 http cache @types/d3-scale@https://registry.npmjs.org/@types/d3-scale/-/d3-scale-4.0.9.tgz 0ms (cache hit)
348 http cache @types/d3-array@https://registry.npmjs.org/@types/d3-array/-/d3-array-3.2.2.tgz 0ms (cache hit)
349 http cache @types/chai@https://registry.npmjs.org/@types/chai/-/chai-5.2.3.tgz 0ms (cache hit)
350 http cache @types/babel__traverse@https://registry.npmjs.org/@types/babel__traverse/-/babel__traverse-7.28.0.tgz 0ms (cache hit)
351 http cache @types/babel__template@https://registry.npmjs.org/@types/babel__template/-/babel__template-7.4.4.tgz 0ms (cache hit)
352 http cache @types/aria-query@https://registry.npmjs.org/@types/aria-query/-/aria-query-5.0.4.tgz 0ms (cache hit)
353 http cache @testing-library/user-event@https://registry.npmjs.org/@testing-library/user-event/-/user-event-14.6.1.tgz 0ms (cache hit)
354 http cache @types/babel__generator@https://registry.npmjs.org/@types/babel__generator/-/babel__generator-7.27.0.tgz 0ms (cache hit)
355 http cache @testing-library/react@https://registry.npmjs.org/@testing-library/react/-/react-16.3.2.tgz 0ms (cache hit)
356 http cache @testing-library/dom@https://registry.npmjs.org/@testing-library/dom/-/dom-10.4.1.tgz 0ms (cache hit)
357 http cache @testing-library/jest-dom@https://registry.npmjs.org/@testing-library/jest-dom/-/jest-dom-6.9.1.tgz 0ms (cache hit)
358 http cache @types/babel__core@https://registry.npmjs.org/@types/babel__core/-/babel__core-7.20.5.tgz 0ms (cache hit)
359 http cache @tauri-apps/plugin-shell@https://registry.npmjs.org/@tauri-apps/plugin-shell/-/plugin-shell-2.3.5.tgz 0ms (cache hit)
360 http cache @tauri-apps/cli@https://registry.npmjs.org/@tauri-apps/cli/-/cli-2.10.1.tgz 0ms (cache hit)
361 http cache @rollup/rollup-darwin-arm64@https://registry.npmjs.org/@rollup/rollup-darwin-arm64/-/rollup-darwin-arm64-4.60.2.tgz 0ms (cache hit)
362 http cache @tauri-apps/cli-darwin-arm64@https://registry.npmjs.org/@tauri-apps/cli-darwin-arm64/-/cli-darwin-arm64-2.10.1.tgz 0ms (cache hit)
363 http cache @pkgjs/parseargs@https://registry.npmjs.org/@pkgjs/parseargs/-/parseargs-0.11.0.tgz 0ms (cache hit)
364 http cache @playwright/test@https://registry.npmjs.org/@playwright/test/-/test-1.60.0.tgz 0ms (cache hit)
365 http cache @tauri-apps/api@https://registry.npmjs.org/@tauri-apps/api/-/api-2.10.1.tgz 0ms (cache hit)
366 http cache @nodelib/fs.walk@https://registry.npmjs.org/@nodelib/fs.walk/-/fs.walk-1.2.8.tgz 0ms (cache hit)
367 http cache @nodelib/fs.stat@https://registry.npmjs.org/@nodelib/fs.stat/-/fs.stat-2.0.5.tgz 0ms (cache hit)
368 http cache @jridgewell/trace-mapping@https://registry.npmjs.org/@jridgewell/trace-mapping/-/trace-mapping-0.3.31.tgz 0ms (cache hit)
369 http cache @nodelib/fs.scandir@https://registry.npmjs.org/@nodelib/fs.scandir/-/fs.scandir-2.1.5.tgz 0ms (cache hit)
370 http cache @jridgewell/sourcemap-codec@https://registry.npmjs.org/@jridgewell/sourcemap-codec/-/sourcemap-codec-1.5.5.tgz 0ms (cache hit)
371 http cache @rolldown/pluginutils@https://registry.npmjs.org/@rolldown/pluginutils/-/pluginutils-1.0.0-beta.27.tgz 0ms (cache hit)
372 http cache @jridgewell/resolve-uri@https://registry.npmjs.org/@jridgewell/resolve-uri/-/resolve-uri-3.1.2.tgz 0ms (cache hit)
373 http cache @jridgewell/gen-mapping@https://registry.npmjs.org/@jridgewell/gen-mapping/-/gen-mapping-0.3.13.tgz 0ms (cache hit)
374 http cache @istanbuljs/schema@https://registry.npmjs.org/@istanbuljs/schema/-/schema-0.1.6.tgz 0ms (cache hit)
375 http cache @jridgewell/remapping@https://registry.npmjs.org/@jridgewell/remapping/-/remapping-2.3.5.tgz 0ms (cache hit)
376 http cache @isaacs/cliui@https://registry.npmjs.org/@isaacs/cliui/-/cliui-8.0.2.tgz 0ms (cache hit)
377 http cache @humanwhocodes/retry@https://registry.npmjs.org/@humanwhocodes/retry/-/retry-0.4.3.tgz 0ms (cache hit)
378 http cache @humanwhocodes/module-importer@https://registry.npmjs.org/@humanwhocodes/module-importer/-/module-importer-1.0.1.tgz 0ms (cache hit)
379 http cache @humanfs/node@https://registry.npmjs.org/@humanfs/node/-/node-0.16.8.tgz 0ms (cache hit)
380 http cache @humanfs/core@https://registry.npmjs.org/@humanfs/core/-/core-0.19.2.tgz 0ms (cache hit)
381 http cache @exodus/bytes@https://registry.npmjs.org/@exodus/bytes/-/bytes-1.15.0.tgz 0ms (cache hit)
382 http cache @eslint/plugin-kit@https://registry.npmjs.org/@eslint/plugin-kit/-/plugin-kit-0.4.1.tgz 0ms (cache hit)
383 http cache @eslint/object-schema@https://registry.npmjs.org/@eslint/object-schema/-/object-schema-2.1.7.tgz 0ms (cache hit)
384 http cache @humanfs/types@https://registry.npmjs.org/@humanfs/types/-/types-0.15.0.tgz 0ms (cache hit)
385 http cache @eslint/core@https://registry.npmjs.org/@eslint/core/-/core-0.17.0.tgz 0ms (cache hit)
386 http cache @eslint/js@https://registry.npmjs.org/@eslint/js/-/js-9.39.4.tgz 0ms (cache hit)
387 http cache @eslint/config-array@https://registry.npmjs.org/@eslint/config-array/-/config-array-0.21.2.tgz 0ms (cache hit)
388 http cache @eslint-community/regexpp@https://registry.npmjs.org/@eslint-community/regexpp/-/regexpp-4.12.2.tgz 0ms (cache hit)
389 http cache @eslint/config-helpers@https://registry.npmjs.org/@eslint/config-helpers/-/config-helpers-0.4.2.tgz 0ms (cache hit)
390 http cache @eslint-community/eslint-utils@https://registry.npmjs.org/@eslint-community/eslint-utils/-/eslint-utils-4.9.1.tgz 0ms (cache hit)
391 http cache @esbuild/darwin-arm64@https://registry.npmjs.org/@esbuild/darwin-arm64/-/darwin-arm64-0.25.12.tgz 0ms (cache hit)
392 http cache @eslint/eslintrc@https://registry.npmjs.org/@eslint/eslintrc/-/eslintrc-3.3.5.tgz 0ms (cache hit)
393 http cache @csstools/css-tokenizer@https://registry.npmjs.org/@csstools/css-tokenizer/-/css-tokenizer-4.0.0.tgz 0ms (cache hit)
394 http cache @csstools/css-syntax-patches-for-csstree@https://registry.npmjs.org/@csstools/css-syntax-patches-for-csstree/-/css-syntax-patches-for-csstree-1.1.3.tgz 0ms (cache hit)
395 http cache @csstools/css-color-parser@https://registry.npmjs.org/@csstools/css-color-parser/-/css-color-parser-4.1.0.tgz 0ms (cache hit)
396 http cache @csstools/css-parser-algorithms@https://registry.npmjs.org/@csstools/css-parser-algorithms/-/css-parser-algorithms-4.0.0.tgz 0ms (cache hit)
397 http cache @csstools/css-calc@https://registry.npmjs.org/@csstools/css-calc/-/css-calc-3.2.0.tgz 0ms (cache hit)
398 http cache @csstools/color-helpers@https://registry.npmjs.org/@csstools/color-helpers/-/color-helpers-6.0.2.tgz 0ms (cache hit)
399 http cache @bramus/specificity@https://registry.npmjs.org/@bramus/specificity/-/specificity-2.4.2.tgz 0ms (cache hit)
400 http cache @bcoe/v8-coverage@https://registry.npmjs.org/@bcoe/v8-coverage/-/v8-coverage-1.0.2.tgz 0ms (cache hit)
401 http cache @babel/types@https://registry.npmjs.org/@babel/types/-/types-7.29.0.tgz 0ms (cache hit)
402 http cache @babel/template@https://registry.npmjs.org/@babel/template/-/template-7.28.6.tgz 0ms (cache hit)
403 http cache @babel/runtime@https://registry.npmjs.org/@babel/runtime/-/runtime-7.29.2.tgz 0ms (cache hit)
404 http cache @babel/traverse@https://registry.npmjs.org/@babel/traverse/-/traverse-7.29.0.tgz 0ms (cache hit)
405 http cache @babel/plugin-transform-react-jsx-source@https://registry.npmjs.org/@babel/plugin-transform-react-jsx-source/-/plugin-transform-react-jsx-source-7.27.1.tgz 0ms (cache hit)
406 http cache @babel/helper-validator-option@https://registry.npmjs.org/@babel/helper-validator-option/-/helper-validator-option-7.27.1.tgz 0ms (cache hit)
407 http cache @babel/parser@https://registry.npmjs.org/@babel/parser/-/parser-7.29.2.tgz 0ms (cache hit)
408 http cache @babel/helpers@https://registry.npmjs.org/@babel/helpers/-/helpers-7.29.2.tgz 0ms (cache hit)
409 http cache @babel/plugin-transform-react-jsx-self@https://registry.npmjs.org/@babel/plugin-transform-react-jsx-self/-/plugin-transform-react-jsx-self-7.27.1.tgz 0ms (cache hit)
410 http cache @babel/helper-validator-identifier@https://registry.npmjs.org/@babel/helper-validator-identifier/-/helper-validator-identifier-7.28.5.tgz 0ms (cache hit)
411 http cache @babel/helper-module-transforms@https://registry.npmjs.org/@babel/helper-module-transforms/-/helper-module-transforms-7.28.6.tgz 0ms (cache hit)
412 http cache @babel/helper-globals@https://registry.npmjs.org/@babel/helper-globals/-/helper-globals-7.28.0.tgz 0ms (cache hit)
413 http cache @babel/helper-compilation-targets@https://registry.npmjs.org/@babel/helper-compilation-targets/-/helper-compilation-targets-7.28.6.tgz 0ms (cache hit)
414 http cache @babel/helper-string-parser@https://registry.npmjs.org/@babel/helper-string-parser/-/helper-string-parser-7.27.1.tgz 0ms (cache hit)
415 http cache @babel/helper-module-imports@https://registry.npmjs.org/@babel/helper-module-imports/-/helper-module-imports-7.28.6.tgz 0ms (cache hit)
416 http cache @babel/generator@https://registry.npmjs.org/@babel/generator/-/generator-7.29.1.tgz 0ms (cache hit)
417 http cache @babel/core@https://registry.npmjs.org/@babel/core/-/core-7.29.0.tgz 0ms (cache hit)
418 http cache @babel/code-frame@https://registry.npmjs.org/@babel/code-frame/-/code-frame-7.29.0.tgz 0ms (cache hit)
419 http cache @babel/helper-plugin-utils@https://registry.npmjs.org/@babel/helper-plugin-utils/-/helper-plugin-utils-7.28.6.tgz 0ms (cache hit)
420 http cache @asamuzakjp/nwsapi@https://registry.npmjs.org/@asamuzakjp/nwsapi/-/nwsapi-2.3.9.tgz 0ms (cache hit)
421 http cache @asamuzakjp/generational-cache@https://registry.npmjs.org/@asamuzakjp/generational-cache/-/generational-cache-1.0.1.tgz 0ms (cache hit)
422 http cache @asamuzakjp/dom-selector@https://registry.npmjs.org/@asamuzakjp/dom-selector/-/dom-selector-7.1.1.tgz 0ms (cache hit)
423 http cache @asamuzakjp/css-color@https://registry.npmjs.org/@asamuzakjp/css-color/-/css-color-5.1.11.tgz 0ms (cache hit)
424 http cache @babel/compat-data@https://registry.npmjs.org/@babel/compat-data/-/compat-data-7.29.0.tgz 0ms (cache hit)
425 http cache @ampproject/remapping@https://registry.npmjs.org/@ampproject/remapping/-/remapping-2.3.0.tgz 0ms (cache hit)
426 http cache @adobe/css-tools@https://registry.npmjs.org/@adobe/css-tools/-/css-tools-4.4.4.tgz 0ms (cache hit)
427 http cache emoji-regex@https://registry.npmjs.org/emoji-regex/-/emoji-regex-8.0.0.tgz 0ms (cache hit)
428 http cache @alloc/quick-lru@https://registry.npmjs.org/@alloc/quick-lru/-/quick-lru-5.2.0.tgz 0ms (cache hit)
429 http cache ansi-styles@https://registry.npmjs.org/ansi-styles/-/ansi-styles-6.2.3.tgz 0ms (cache hit)
430 http cache picomatch@https://registry.npmjs.org/picomatch/-/picomatch-4.0.4.tgz 0ms (cache hit)
431 http cache strip-ansi@https://registry.npmjs.org/strip-ansi/-/strip-ansi-6.0.1.tgz 0ms (cache hit)
432 http cache fdir@https://registry.npmjs.org/fdir/-/fdir-6.5.0.tgz 0ms (cache hit)
433 http cache picomatch@https://registry.npmjs.org/picomatch/-/picomatch-4.0.4.tgz 0ms (cache hit)
434 http cache brace-expansion@https://registry.npmjs.org/brace-expansion/-/brace-expansion-5.0.6.tgz 0ms (cache hit)
435 http cache balanced-match@https://registry.npmjs.org/balanced-match/-/balanced-match-4.0.4.tgz 0ms (cache hit)
436 http cache ansi-regex@https://registry.npmjs.org/ansi-regex/-/ansi-regex-6.2.2.tgz 0ms (cache hit)
437 http cache minimatch@https://registry.npmjs.org/minimatch/-/minimatch-10.2.5.tgz 0ms (cache hit)
438 http cache strip-ansi@https://registry.npmjs.org/strip-ansi/-/strip-ansi-6.0.1.tgz 0ms (cache hit)
439 http cache emoji-regex@https://registry.npmjs.org/emoji-regex/-/emoji-regex-8.0.0.tgz 0ms (cache hit)
440 http cache picomatch@https://registry.npmjs.org/picomatch/-/picomatch-4.0.4.tgz 0ms (cache hit)
441 http cache js-tokens@https://registry.npmjs.org/js-tokens/-/js-tokens-9.0.1.tgz 0ms (cache hit)
442 http cache fdir@https://registry.npmjs.org/fdir/-/fdir-6.5.0.tgz 0ms (cache hit)
443 http cache react-is@https://registry.npmjs.org/react-is/-/react-is-17.0.2.tgz 0ms (cache hit)
444 http cache ansi-styles@https://registry.npmjs.org/ansi-styles/-/ansi-styles-5.2.0.tgz 0ms (cache hit)
445 http cache fsevents@https://registry.npmjs.org/fsevents/-/fsevents-2.3.2.tgz 0ms (cache hit)
446 http cache lru-cache@https://registry.npmjs.org/lru-cache/-/lru-cache-10.4.3.tgz 0ms (cache hit)
447 http cache minimatch@https://registry.npmjs.org/minimatch/-/minimatch-9.0.9.tgz 0ms (cache hit)
448 http cache lru-cache@https://registry.npmjs.org/lru-cache/-/lru-cache-11.3.5.tgz 0ms (cache hit)
449 http cache brace-expansion@https://registry.npmjs.org/brace-expansion/-/brace-expansion-2.1.1.tgz 0ms (cache hit)
450 http cache glob-parent@https://registry.npmjs.org/glob-parent/-/glob-parent-5.1.2.tgz 0ms (cache hit)
451 http cache string-width@https://registry.npmjs.org/string-width/-/string-width-4.2.3.tgz 0ms (cache hit)
452 http cache react-is@https://registry.npmjs.org/react-is/-/react-is-16.13.1.tgz 0ms (cache hit)
453 http cache js-tokens@https://registry.npmjs.org/js-tokens/-/js-tokens-10.0.0.tgz 0ms (cache hit)
454 http cache eslint-visitor-keys@https://registry.npmjs.org/eslint-visitor-keys/-/eslint-visitor-keys-5.0.1.tgz 0ms (cache hit)
455 http cache semver@https://registry.npmjs.org/semver/-/semver-7.8.1.tgz 0ms (cache hit)
456 http cache minimatch@https://registry.npmjs.org/minimatch/-/minimatch-10.2.5.tgz 0ms (cache hit)
457 http cache glob-parent@https://registry.npmjs.org/glob-parent/-/glob-parent-5.1.2.tgz 0ms (cache hit)
458 http cache brace-expansion@https://registry.npmjs.org/brace-expansion/-/brace-expansion-5.0.5.tgz 0ms (cache hit)
459 http cache balanced-match@https://registry.npmjs.org/balanced-match/-/balanced-match-4.0.4.tgz 0ms (cache hit)
460 http cache ignore@https://registry.npmjs.org/ignore/-/ignore-7.0.5.tgz 0ms (cache hit)
461 http cache undici-types@https://registry.npmjs.org/undici-types/-/undici-types-7.19.2.tgz 0ms (cache hit)
462 http cache parse5@https://registry.npmjs.org/parse5/-/parse5-7.3.0.tgz 0ms (cache hit)
463 http cache semver@https://registry.npmjs.org/semver/-/semver-7.7.4.tgz 0ms (cache hit)
464 http cache dom-accessibility-api@https://registry.npmjs.org/dom-accessibility-api/-/dom-accessibility-api-0.6.3.tgz 0ms (cache hit)
465 http cache globals@https://registry.npmjs.org/globals/-/globals-14.0.0.tgz 0ms (cache hit)
466 http cache eslint-visitor-keys@https://registry.npmjs.org/eslint-visitor-keys/-/eslint-visitor-keys-3.4.3.tgz 0ms (cache hit)
467 http cache entities@https://registry.npmjs.org/entities/-/entities-6.0.1.tgz 0ms (cache hit)
468 silly tarball no local data for arg@https://registry.npmjs.org/arg/-/arg-5.0.2.tgz. Extracting by manifest.
469 http fetch GET 200 https://registry.npmjs.org/arg/-/arg-5.0.2.tgz 571ms (cache miss)
470 warn deprecated glob@10.5.0: Old versions of glob are not supported, and contain widely publicized security vulnerabilities, which have been fixed in the current version. Please update. Support for old versions may be purchased (at exorbitant rates) by contacting i@izs.me
471 info run esbuild@0.25.12 postinstall node_modules/esbuild node install.js
472 info run esbuild@0.25.12 postinstall { code: 0, signal: null }
473 silly ADD node_modules/zustand
474 silly ADD node_modules/zod-validation-error
475 silly ADD node_modules/zod
476 silly ADD node_modules/yocto-queue
477 silly ADD node_modules/yallist
478 silly ADD node_modules/xmlchars
479 silly ADD node_modules/xml-name-validator
480 silly ADD node_modules/wrap-ansi-cjs
481 silly ADD node_modules/wrap-ansi-cjs/node_modules/strip-ansi
482 silly ADD node_modules/wrap-ansi-cjs/node_modules/string-width
483 silly ADD node_modules/wrap-ansi-cjs/node_modules/emoji-regex
484 silly ADD node_modules/wrap-ansi
485 silly ADD node_modules/wrap-ansi/node_modules/ansi-styles
486 silly ADD node_modules/word-wrap
487 silly ADD node_modules/why-is-node-running
488 silly ADD node_modules/which
489 silly ADD node_modules/whatwg-url
490 silly ADD node_modules/whatwg-mimetype
491 silly ADD node_modules/webidl-conversions
492 silly ADD node_modules/w3c-xmlserializer
493 silly ADD node_modules/void-elements
494 silly ADD node_modules/vitest
495 silly ADD node_modules/vitest/node_modules/picomatch
496 silly ADD node_modules/vite-node
497 silly ADD node_modules/vite
498 silly ADD node_modules/vite/node_modules/picomatch
499 silly ADD node_modules/vite/node_modules/fdir
500 silly ADD node_modules/victory-vendor
501 silly ADD node_modules/util-deprecate
502 silly ADD node_modules/use-sync-external-store
503 silly ADD node_modules/uri-js
504 silly ADD node_modules/update-browserslist-db
505 silly ADD node_modules/undici-types
506 silly ADD node_modules/undici
507 silly ADD node_modules/typescript-eslint
508 silly ADD node_modules/typescript
509 silly ADD node_modules/type-check
510 silly ADD node_modules/ts-interface-checker
511 silly ADD node_modules/ts-api-utils
512 silly ADD node_modules/tr46
513 silly ADD node_modules/tough-cookie
514 silly ADD node_modules/to-regex-range
515 silly ADD node_modules/tldts-core
516 silly ADD node_modules/tldts
517 silly ADD node_modules/tinyspy
518 silly ADD node_modules/tinyrainbow
519 silly ADD node_modules/tinypool
520 silly ADD node_modules/tinyglobby
521 silly ADD node_modules/tinyglobby/node_modules/picomatch
522 silly ADD node_modules/tinyglobby/node_modules/fdir
523 silly ADD node_modules/tinyexec
524 silly ADD node_modules/tinybench
525 silly ADD node_modules/tiny-invariant
526 silly ADD node_modules/thenify-all
527 silly ADD node_modules/thenify
528 silly ADD node_modules/test-exclude
529 silly ADD node_modules/test-exclude/node_modules/minimatch
530 silly ADD node_modules/test-exclude/node_modules/brace-expansion
531 silly ADD node_modules/test-exclude/node_modules/balanced-match
532 silly ADD node_modules/tailwindcss
533 silly ADD node_modules/tailwind-merge
534 silly ADD node_modules/symbol-tree
535 silly ADD node_modules/supports-preserve-symlinks-flag
536 silly ADD node_modules/supports-color
537 silly ADD node_modules/sucrase
538 silly ADD node_modules/strip-literal
539 silly ADD node_modules/strip-literal/node_modules/js-tokens
540 silly ADD node_modules/strip-json-comments
541 silly ADD node_modules/strip-indent
542 silly ADD node_modules/strip-ansi-cjs
543 silly ADD node_modules/strip-ansi
544 silly ADD node_modules/strip-ansi/node_modules/ansi-regex
545 silly ADD node_modules/string-width-cjs
546 silly ADD node_modules/string-width-cjs/node_modules/strip-ansi
547 silly ADD node_modules/string-width-cjs/node_modules/emoji-regex
548 silly ADD node_modules/string-width
549 silly ADD node_modules/std-env
550 silly ADD node_modules/stackback
551 silly ADD node_modules/source-map-js
552 silly ADD node_modules/signal-exit
553 silly ADD node_modules/siginfo
554 silly ADD node_modules/shebang-regex
555 silly ADD node_modules/shebang-command
556 silly ADD node_modules/set-cookie-parser
557 silly ADD node_modules/semver
558 silly ADD node_modules/scheduler
559 silly ADD node_modules/saxes
560 silly ADD node_modules/run-parallel
561 silly ADD node_modules/rollup
562 silly ADD node_modules/reusify
563 silly ADD node_modules/resolve-from
564 silly ADD node_modules/resolve
565 silly ADD node_modules/require-from-string
566 silly ADD node_modules/redent
567 silly ADD node_modules/recharts-scale
568 silly ADD node_modules/recharts
569 silly ADD node_modules/readdirp
570 silly ADD node_modules/read-cache
571 silly ADD node_modules/react-transition-group
572 silly ADD node_modules/react-smooth
573 silly ADD node_modules/react-router-dom
574 silly ADD node_modules/react-router
575 silly ADD node_modules/react-refresh
576 silly ADD node_modules/react-is
577 silly ADD node_modules/react-i18next
578 silly ADD node_modules/react-dom
579 silly ADD node_modules/react
580 silly ADD node_modules/queue-microtask
581 silly ADD node_modules/punycode
582 silly ADD node_modules/prop-types
583 silly ADD node_modules/prop-types/node_modules/react-is
584 silly ADD node_modules/pretty-format
585 silly ADD node_modules/pretty-format/node_modules/react-is
586 silly ADD node_modules/pretty-format/node_modules/ansi-styles
587 silly ADD node_modules/prelude-ls
588 silly ADD node_modules/postcss-value-parser
589 silly ADD node_modules/postcss-selector-parser
590 silly ADD node_modules/postcss-nested
591 silly ADD node_modules/postcss-load-config
592 silly ADD node_modules/postcss-js
593 silly ADD node_modules/postcss-import
594 silly ADD node_modules/postcss
595 silly ADD node_modules/playwright-core
596 silly ADD node_modules/playwright
597 silly ADD node_modules/playwright/node_modules/fsevents
598 silly ADD node_modules/pirates
599 silly ADD node_modules/pify
600 silly ADD node_modules/picomatch
601 silly ADD node_modules/picocolors
602 silly ADD node_modules/pathval
603 silly ADD node_modules/pathe
604 silly ADD node_modules/path-scurry
605 silly ADD node_modules/path-scurry/node_modules/lru-cache
606 silly ADD node_modules/path-parse
607 silly ADD node_modules/path-key
608 silly ADD node_modules/path-exists
609 silly ADD node_modules/parse5
610 silly ADD node_modules/parent-module
611 silly ADD node_modules/package-json-from-dist
612 silly ADD node_modules/p-locate
613 silly ADD node_modules/p-limit
614 silly ADD node_modules/optionator
615 silly ADD node_modules/object-hash
616 silly ADD node_modules/object-assign
617 silly ADD node_modules/normalize-path
618 silly ADD node_modules/node-releases
619 silly ADD node_modules/natural-compare
620 silly ADD node_modules/nanoid
621 silly ADD node_modules/mz
622 silly ADD node_modules/ms
623 silly ADD node_modules/minipass
624 silly ADD node_modules/minimatch
625 silly ADD node_modules/min-indent
626 silly ADD node_modules/micromatch
627 silly ADD node_modules/merge2
628 silly ADD node_modules/mdn-data
629 silly ADD node_modules/make-dir
630 silly ADD node_modules/make-dir/node_modules/semver
631 silly ADD node_modules/magicast
632 silly ADD node_modules/magic-string
633 silly ADD node_modules/lz-string
634 silly ADD node_modules/lru-cache
635 silly ADD node_modules/loupe
636 silly ADD node_modules/loose-envify
637 silly ADD node_modules/lodash.merge
638 silly ADD node_modules/lodash
639 silly ADD node_modules/locate-path
640 silly ADD node_modules/lines-and-columns
641 silly ADD node_modules/lilconfig
642 silly ADD node_modules/levn
643 silly ADD node_modules/keyv
644 silly ADD node_modules/json5
645 silly ADD node_modules/json-stable-stringify-without-jsonify
646 silly ADD node_modules/json-schema-traverse
647 silly ADD node_modules/json-buffer
648 silly ADD node_modules/jsesc
649 silly ADD node_modules/jsdom
650 silly ADD node_modules/jsdom/node_modules/lru-cache
651 silly ADD node_modules/js-yaml
652 silly ADD node_modules/js-tokens
653 silly ADD node_modules/jiti
654 silly ADD node_modules/jackspeak
655 silly ADD node_modules/istanbul-reports
656 silly ADD node_modules/istanbul-lib-source-maps
657 silly ADD node_modules/istanbul-lib-report
658 silly ADD node_modules/istanbul-lib-coverage
659 silly ADD node_modules/isexe
660 silly ADD node_modules/is-potential-custom-element-name
661 silly ADD node_modules/is-number
662 silly ADD node_modules/is-glob
663 silly ADD node_modules/is-fullwidth-code-point
664 silly ADD node_modules/is-extglob
665 silly ADD node_modules/is-core-module
666 silly ADD node_modules/is-binary-path
667 silly ADD node_modules/internmap
668 silly ADD node_modules/indent-string
669 silly ADD node_modules/imurmurhash
670 silly ADD node_modules/import-fresh
671 silly ADD node_modules/ignore
672 silly ADD node_modules/i18next
673 silly ADD node_modules/html-parse-stringify
674 silly ADD node_modules/html-escaper
675 silly ADD node_modules/html-encoding-sniffer
676 silly ADD node_modules/hermes-parser
677 silly ADD node_modules/hermes-estree
678 silly ADD node_modules/hasown
679 silly ADD node_modules/has-flag
680 silly ADD node_modules/globals
681 silly ADD node_modules/glob-parent
682 silly ADD node_modules/glob
683 silly ADD node_modules/glob/node_modules/minimatch
684 silly ADD node_modules/glob/node_modules/brace-expansion
685 silly ADD node_modules/gensync
686 silly ADD node_modules/function-bind
687 silly ADD node_modules/fsevents
688 silly ADD node_modules/fraction.js
689 silly ADD node_modules/foreground-child
690 silly ADD node_modules/flatted
691 silly ADD node_modules/flat-cache
692 silly ADD node_modules/find-up
693 silly ADD node_modules/fill-range
694 silly ADD node_modules/file-entry-cache
695 silly ADD node_modules/fastq
696 silly ADD node_modules/fast-levenshtein
697 silly ADD node_modules/fast-json-stable-stringify
698 silly ADD node_modules/fast-glob
699 silly ADD node_modules/fast-glob/node_modules/glob-parent
700 silly ADD node_modules/fast-equals
701 silly ADD node_modules/fast-deep-equal
702 silly ADD node_modules/expect-type
703 silly ADD node_modules/eventemitter3
704 silly ADD node_modules/esutils
705 silly ADD node_modules/estree-walker
706 silly ADD node_modules/estraverse
707 silly ADD node_modules/esrecurse
708 silly ADD node_modules/esquery
709 silly ADD node_modules/espree
710 silly ADD node_modules/eslint-visitor-keys
711 silly ADD node_modules/eslint-scope
712 silly ADD node_modules/eslint-plugin-react-refresh
713 silly ADD node_modules/eslint-plugin-react-hooks
714 silly ADD node_modules/eslint
715 silly ADD node_modules/escape-string-regexp
716 silly ADD node_modules/escalade
717 silly ADD node_modules/esbuild
718 silly ADD node_modules/es-module-lexer
719 silly ADD node_modules/es-errors
720 silly ADD node_modules/entities
721 silly ADD node_modules/emoji-regex
722 silly ADD node_modules/electron-to-chromium
723 silly ADD node_modules/eastasianwidth
724 silly ADD node_modules/dom-helpers
725 silly ADD node_modules/dom-accessibility-api
726 silly ADD node_modules/dlv
727 silly ADD node_modules/didyoumean
728 silly ADD node_modules/dequal
729 silly ADD node_modules/deep-is
730 silly ADD node_modules/deep-eql
731 silly ADD node_modules/decimal.js-light
732 silly ADD node_modules/decimal.js
733 silly ADD node_modules/debug
734 silly ADD node_modules/date-fns
735 silly ADD node_modules/data-urls
736 silly ADD node_modules/d3-timer
737 silly ADD node_modules/d3-time-format
738 silly ADD node_modules/d3-time
739 silly ADD node_modules/d3-shape
740 silly ADD node_modules/d3-scale
741 silly ADD node_modules/d3-path
742 silly ADD node_modules/d3-interpolate
743 silly ADD node_modules/d3-format
744 silly ADD node_modules/d3-ease
745 silly ADD node_modules/d3-color
746 silly ADD node_modules/d3-array
747 silly ADD node_modules/csstype
748 silly ADD node_modules/cssesc
749 silly ADD node_modules/css.escape
750 silly ADD node_modules/css-tree
751 silly ADD node_modules/cross-spawn
752 silly ADD node_modules/cookie
753 silly ADD node_modules/convert-source-map
754 silly ADD node_modules/concat-map
755 silly ADD node_modules/commander
756 silly ADD node_modules/color-name
757 silly ADD node_modules/color-convert
758 silly ADD node_modules/clsx
759 silly ADD node_modules/chokidar
760 silly ADD node_modules/chokidar/node_modules/glob-parent
761 silly ADD node_modules/check-error
762 silly ADD node_modules/chalk
763 silly ADD node_modules/chai
764 silly ADD node_modules/caniuse-lite
765 silly ADD node_modules/camelcase-css
766 silly ADD node_modules/callsites
767 silly ADD node_modules/cac
768 silly ADD node_modules/browserslist
769 silly ADD node_modules/braces
770 silly ADD node_modules/brace-expansion
771 silly ADD node_modules/binary-extensions
772 silly ADD node_modules/bidi-js
773 silly ADD node_modules/baseline-browser-mapping
774 silly ADD node_modules/balanced-match
775 silly ADD node_modules/autoprefixer
776 silly ADD node_modules/ast-v8-to-istanbul
777 silly ADD node_modules/ast-v8-to-istanbul/node_modules/js-tokens
778 silly ADD node_modules/assertion-error
779 silly ADD node_modules/aria-query
780 silly ADD node_modules/argparse
781 silly ADD node_modules/arg
782 silly ADD node_modules/anymatch
783 silly ADD node_modules/any-promise
784 silly ADD node_modules/ansi-styles
785 silly ADD node_modules/ansi-regex
786 silly ADD node_modules/ajv
787 silly ADD node_modules/acorn-jsx
788 silly ADD node_modules/acorn
789 silly ADD node_modules/@vitest/utils
790 silly ADD node_modules/@vitest/spy
791 silly ADD node_modules/@vitest/snapshot
792 silly ADD node_modules/@vitest/runner
793 silly ADD node_modules/@vitest/pretty-format
794 silly ADD node_modules/@vitest/mocker
795 silly ADD node_modules/@vitest/expect
796 silly ADD node_modules/@vitest/coverage-v8
797 silly ADD node_modules/@vitejs/plugin-react
798 silly ADD node_modules/@typescript-eslint/visitor-keys
799 silly ADD node_modules/@typescript-eslint/visitor-keys/node_modules/eslint-visitor-keys
800 silly ADD node_modules/@typescript-eslint/utils
801 silly ADD node_modules/@typescript-eslint/typescript-estree
802 silly ADD node_modules/@typescript-eslint/typescript-estree/node_modules/semver
803 silly ADD node_modules/@typescript-eslint/typescript-estree/node_modules/minimatch
804 silly ADD node_modules/@typescript-eslint/typescript-estree/node_modules/brace-expansion
805 silly ADD node_modules/@typescript-eslint/typescript-estree/node_modules/balanced-match
806 silly ADD node_modules/@typescript-eslint/types
807 silly ADD node_modules/@typescript-eslint/type-utils
808 silly ADD node_modules/@typescript-eslint/tsconfig-utils
809 silly ADD node_modules/@typescript-eslint/scope-manager
810 silly ADD node_modules/@typescript-eslint/project-service
811 silly ADD node_modules/@typescript-eslint/parser
812 silly ADD node_modules/@typescript-eslint/eslint-plugin
813 silly ADD node_modules/@typescript-eslint/eslint-plugin/node_modules/ignore
814 silly ADD node_modules/@types/tough-cookie
815 silly ADD node_modules/@types/react-dom
816 silly ADD node_modules/@types/react
817 silly ADD node_modules/@types/node
818 silly ADD node_modules/@types/node/node_modules/undici-types
819 silly ADD node_modules/@types/json-schema
820 silly ADD node_modules/@types/jsdom
821 silly ADD node_modules/@types/jsdom/node_modules/parse5
822 silly ADD node_modules/@types/jsdom/node_modules/entities
823 silly ADD node_modules/@types/estree
824 silly ADD node_modules/@types/deep-eql
825 silly ADD node_modules/@types/d3-timer
826 silly ADD node_modules/@types/d3-time
827 silly ADD node_modules/@types/d3-shape
828 silly ADD node_modules/@types/d3-scale
829 silly ADD node_modules/@types/d3-path
830 silly ADD node_modules/@types/d3-interpolate
831 silly ADD node_modules/@types/d3-ease
832 silly ADD node_modules/@types/d3-color
833 silly ADD node_modules/@types/d3-array
834 silly ADD node_modules/@types/chai
835 silly ADD node_modules/@types/babel__traverse
836 silly ADD node_modules/@types/babel__template
837 silly ADD node_modules/@types/babel__generator
838 silly ADD node_modules/@types/babel__core
839 silly ADD node_modules/@types/aria-query
840 silly ADD node_modules/@testing-library/user-event
841 silly ADD node_modules/@testing-library/react
842 silly ADD node_modules/@testing-library/jest-dom
843 silly ADD node_modules/@testing-library/jest-dom/node_modules/dom-accessibility-api
844 silly ADD node_modules/@testing-library/dom
845 silly ADD node_modules/@tauri-apps/plugin-shell
846 silly ADD node_modules/@tauri-apps/cli-darwin-arm64
847 silly ADD node_modules/@tauri-apps/cli
848 silly ADD node_modules/@tauri-apps/api
849 silly ADD node_modules/@rollup/rollup-darwin-arm64
850 silly ADD node_modules/@rolldown/pluginutils
851 silly ADD node_modules/@playwright/test
852 silly ADD node_modules/@pkgjs/parseargs
853 silly ADD node_modules/@nodelib/fs.walk
854 silly ADD node_modules/@nodelib/fs.stat
855 silly ADD node_modules/@nodelib/fs.scandir
856 silly ADD node_modules/@jridgewell/trace-mapping
857 silly ADD node_modules/@jridgewell/sourcemap-codec
858 silly ADD node_modules/@jridgewell/resolve-uri
859 silly ADD node_modules/@jridgewell/remapping
860 silly ADD node_modules/@jridgewell/gen-mapping
861 silly ADD node_modules/@istanbuljs/schema
862 silly ADD node_modules/@isaacs/cliui
863 silly ADD node_modules/@humanwhocodes/retry
864 silly ADD node_modules/@humanwhocodes/module-importer
865 silly ADD node_modules/@humanfs/types
866 silly ADD node_modules/@humanfs/node
867 silly ADD node_modules/@humanfs/core
868 silly ADD node_modules/@exodus/bytes
869 silly ADD node_modules/@eslint/plugin-kit
870 silly ADD node_modules/@eslint/object-schema
871 silly ADD node_modules/@eslint/js
872 silly ADD node_modules/@eslint/eslintrc
873 silly ADD node_modules/@eslint/eslintrc/node_modules/globals
874 silly ADD node_modules/@eslint/core
875 silly ADD node_modules/@eslint/config-helpers
876 silly ADD node_modules/@eslint/config-array
877 silly ADD node_modules/@eslint-community/regexpp
878 silly ADD node_modules/@eslint-community/eslint-utils
879 silly ADD node_modules/@eslint-community/eslint-utils/node_modules/eslint-visitor-keys
880 silly ADD node_modules/@esbuild/darwin-arm64
881 silly ADD node_modules/@csstools/css-tokenizer
882 silly ADD node_modules/@csstools/css-syntax-patches-for-csstree
883 silly ADD node_modules/@csstools/css-parser-algorithms
884 silly ADD node_modules/@csstools/css-color-parser
885 silly ADD node_modules/@csstools/css-calc
886 silly ADD node_modules/@csstools/color-helpers
887 silly ADD node_modules/@bramus/specificity
888 silly ADD node_modules/@bcoe/v8-coverage
889 silly ADD node_modules/@babel/types
890 silly ADD node_modules/@babel/traverse
891 silly ADD node_modules/@babel/template
892 silly ADD node_modules/@babel/runtime
893 silly ADD node_modules/@babel/plugin-transform-react-jsx-source
894 silly ADD node_modules/@babel/plugin-transform-react-jsx-self
895 silly ADD node_modules/@babel/parser
896 silly ADD node_modules/@babel/helpers
897 silly ADD node_modules/@babel/helper-validator-option
898 silly ADD node_modules/@babel/helper-validator-identifier
899 silly ADD node_modules/@babel/helper-string-parser
900 silly ADD node_modules/@babel/helper-plugin-utils
901 silly ADD node_modules/@babel/helper-module-transforms
902 silly ADD node_modules/@babel/helper-module-imports
903 silly ADD node_modules/@babel/helper-globals
904 silly ADD node_modules/@babel/helper-compilation-targets
905 silly ADD node_modules/@babel/generator
906 silly ADD node_modules/@babel/core
907 silly ADD node_modules/@babel/compat-data
908 silly ADD node_modules/@babel/code-frame
909 silly ADD node_modules/@asamuzakjp/nwsapi
910 silly ADD node_modules/@asamuzakjp/generational-cache
911 silly ADD node_modules/@asamuzakjp/dom-selector
912 silly ADD node_modules/@asamuzakjp/css-color
913 silly ADD node_modules/@ampproject/remapping
914 silly ADD node_modules/@alloc/quick-lru
915 silly ADD node_modules/@adobe/css-tools
916 silly REMOVE apps/practice-host-ui/node_modules/@medoc/system-practice
917 silly REMOVE apps/practice-host-ui/node_modules/@medoc/system-company
918 silly REMOVE apps/practice-host-ui/node_modules/medoc-tauri-host
919 silly REMOVE apps/practice-host-ui/node_modules/medoc-lan-web-client
920 silly REMOVE apps/practice-host-ui/node_modules/medoc
921 silly REMOVE apps/practice-host-ui/node_modules/@medoc/ui
922 silly REMOVE apps/practice-host-ui/node_modules/@medoc/system-lan
923 silly REMOVE apps/practice-host-ui/node_modules/@medoc/shared
924 warn install-scripts 3 packages have install scripts not yet covered by allowScripts:
924 warn install-scripts   esbuild@0.25.12 (postinstall: node install.js)
924 warn install-scripts   fsevents@2.3.3 (install: (install scripts present))
924 warn install-scripts   fsevents@2.3.2 (install: (install scripts present))
924 warn install-scripts
924 warn install-scripts Run `npm install-scripts ls` to review, or `npm install-scripts approve <pkg>` to allow.
925 verbose cwd /Users/achraf/pro/Medoc
926 verbose os Darwin 25.4.0
927 verbose node v26.7.0
928 verbose npm  v11.19.0
929 verbose exit 0
930 info ok
