0 verbose cli /opt/homebrew/Cellar/node/26.7.0/bin/node /opt/homebrew/bin/npm
1 info using npm@11.19.0
2 info using node@v26.7.0
3 silly config load:file:/opt/homebrew/lib/node_modules/npm/npmrc
4 silly config load:file:/Users/achraf/pro/Medoc/.npmrc
5 silly config load:file:/Users/achraf/.npmrc
6 silly config load:file:/opt/homebrew/etc/npmrc
7 verbose title npm install
8 verbose argv "install" "--no-fund" "--no-audit" "--prefer-online"
9 verbose logfile logs-max:10 dir:/Users/achraf/pro/Medoc/.npm-cache/_logs/2026-08-20T15_30_35_353Z-
10 verbose logfile /Users/achraf/pro/Medoc/.npm-cache/_logs/2026-08-20T15_30_35_353Z-debug-0.log
11 warn Unknown env config "devdir". This will stop working in the next major version of npm. See `npm help npmrc` for supported config options.
12 silly logfile done cleaning log files
13 silly packumentCache heap:4395630592 maxSize:1098907648 maxEntrySize:549453824
14 verbose shrinkwrap failed to load node_modules/.package-lock.json out of date, updated: node_modules
15 silly idealTree buildDeps
16 silly reify mark retired [
16 silly reify   '/Users/achraf/pro/Medoc/apps/practice-host-ui/node_modules/@medoc/shared'
16 silly reify ]
17 silly reify mark retired [
17 silly reify   '/Users/achraf/pro/Medoc/apps/practice-host-ui/node_modules/@medoc/system-company'
17 silly reify ]
18 silly reify mark retired [
18 silly reify   '/Users/achraf/pro/Medoc/apps/practice-host-ui/node_modules/@medoc/system-lan'
18 silly reify ]
19 silly reify mark retired [
19 silly reify   '/Users/achraf/pro/Medoc/apps/practice-host-ui/node_modules/@medoc/system-practice'
19 silly reify ]
20 silly reify mark retired [
20 silly reify   '/Users/achraf/pro/Medoc/apps/practice-host-ui/node_modules/@medoc/ui'
20 silly reify ]
21 silly reify mark retired [ '/Users/achraf/pro/Medoc/apps/practice-host-ui/node_modules/medoc' ]
22 silly reify mark retired [
22 silly reify   '/Users/achraf/pro/Medoc/apps/practice-host-ui/node_modules/medoc-lan-web-client'
22 silly reify ]
23 silly reify mark retired [
23 silly reify   '/Users/achraf/pro/Medoc/apps/practice-host-ui/node_modules/medoc-tauri-host'
23 silly reify ]
24 silly reify moves {
24 silly reify   '/Users/achraf/pro/Medoc/apps/practice-host-ui/node_modules/@medoc/shared': '/Users/achraf/pro/Medoc/apps/practice-host-ui/node_modules/@medoc/.shared-umfJL48g',
24 silly reify   '/Users/achraf/pro/Medoc/apps/practice-host-ui/node_modules/@medoc/system-company': '/Users/achraf/pro/Medoc/apps/practice-host-ui/node_modules/@medoc/.system-company-aqItwjQT',
24 silly reify   '/Users/achraf/pro/Medoc/apps/practice-host-ui/node_modules/@medoc/system-lan': '/Users/achraf/pro/Medoc/apps/practice-host-ui/node_modules/@medoc/.system-lan-1qeLG5WX',
24 silly reify   '/Users/achraf/pro/Medoc/apps/practice-host-ui/node_modules/@medoc/system-practice': '/Users/achraf/pro/Medoc/apps/practice-host-ui/node_modules/@medoc/.system-practice-KUpFxK4d',
24 silly reify   '/Users/achraf/pro/Medoc/apps/practice-host-ui/node_modules/@medoc/ui': '/Users/achraf/pro/Medoc/apps/practice-host-ui/node_modules/@medoc/.ui-T2WTp1pS',
24 silly reify   '/Users/achraf/pro/Medoc/apps/practice-host-ui/node_modules/medoc': '/Users/achraf/pro/Medoc/apps/practice-host-ui/node_modules/.medoc-C1hOFjnG',
24 silly reify   '/Users/achraf/pro/Medoc/apps/practice-host-ui/node_modules/medoc-lan-web-client': '/Users/achraf/pro/Medoc/apps/practice-host-ui/node_modules/.medoc-lan-web-client-kPb1OSq0',
24 silly reify   '/Users/achraf/pro/Medoc/apps/practice-host-ui/node_modules/medoc-tauri-host': '/Users/achraf/pro/Medoc/apps/practice-host-ui/node_modules/.medoc-tauri-host-zBArA4Sy'
24 silly reify }
25 http fetch GET 200 https://registry.npmjs.org/wrap-ansi/-/wrap-ansi-8.1.0.tgz 211ms (cache miss)
26 http fetch GET 200 https://registry.npmjs.org/webidl-conversions/-/webidl-conversions-8.0.1.tgz 211ms (cache miss)
27 http fetch GET 200 https://registry.npmjs.org/w3c-xmlserializer/-/w3c-xmlserializer-5.0.0.tgz 211ms (cache miss)
28 http fetch GET 200 https://registry.npmjs.org/why-is-node-running/-/why-is-node-running-2.3.0.tgz 212ms (cache miss)
29 http fetch GET 200 https://registry.npmjs.org/xml-name-validator/-/xml-name-validator-5.0.0.tgz 213ms (cache miss)
30 http fetch GET 200 https://registry.npmjs.org/yallist/-/yallist-3.1.1.tgz 212ms (cache miss)
31 http fetch GET 200 https://registry.npmjs.org/word-wrap/-/word-wrap-1.2.5.tgz 212ms (cache miss)
32 http fetch GET 200 https://registry.npmjs.org/wrap-ansi/-/wrap-ansi-7.0.0.tgz 213ms (cache miss)
33 http fetch GET 200 https://registry.npmjs.org/which/-/which-2.0.2.tgz 212ms (cache miss)
34 http fetch GET 200 https://registry.npmjs.org/whatwg-mimetype/-/whatwg-mimetype-5.0.0.tgz 215ms (cache miss)
35 http fetch GET 200 https://registry.npmjs.org/zod-validation-error/-/zod-validation-error-4.0.2.tgz 221ms (cache miss)
36 http fetch GET 200 https://registry.npmjs.org/whatwg-url/-/whatwg-url-16.0.1.tgz 218ms (cache miss)
37 http fetch GET 200 https://registry.npmjs.org/xmlchars/-/xmlchars-2.2.0.tgz 221ms (cache miss)
38 http fetch GET 200 https://registry.npmjs.org/zustand/-/zustand-5.0.12.tgz 224ms (cache miss)
39 http fetch GET 200 https://registry.npmjs.org/util-deprecate/-/util-deprecate-1.0.2.tgz 233ms (cache miss)
40 http fetch GET 200 https://registry.npmjs.org/void-elements/-/void-elements-3.1.0.tgz 234ms (cache miss)
41 http fetch GET 200 https://registry.npmjs.org/update-browserslist-db/-/update-browserslist-db-1.2.3.tgz 240ms (cache miss)
42 http fetch GET 200 https://registry.npmjs.org/type-check/-/type-check-0.4.0.tgz 242ms (cache miss)
43 http fetch GET 200 https://registry.npmjs.org/typescript-eslint/-/typescript-eslint-8.58.2.tgz 242ms (cache miss)
44 http fetch GET 200 https://registry.npmjs.org/use-sync-external-store/-/use-sync-external-store-1.6.0.tgz 244ms (cache miss)
45 http fetch GET 200 https://registry.npmjs.org/undici-types/-/undici-types-7.25.0.tgz 250ms (cache miss)
46 http fetch GET 200 https://registry.npmjs.org/vite-node/-/vite-node-3.2.4.tgz 258ms (cache miss)
47 http fetch GET 200 https://registry.npmjs.org/yocto-queue/-/yocto-queue-0.1.0.tgz 265ms (cache miss)
48 http fetch GET 200 https://registry.npmjs.org/to-regex-range/-/to-regex-range-5.0.1.tgz 273ms (cache miss)
49 http fetch GET 200 https://registry.npmjs.org/ts-api-utils/-/ts-api-utils-2.5.0.tgz 277ms (cache miss)
50 http fetch GET 200 https://registry.npmjs.org/tr46/-/tr46-6.0.0.tgz 277ms (cache miss)
51 http fetch GET 200 https://registry.npmjs.org/tinypool/-/tinypool-1.1.1.tgz 278ms (cache miss)
52 http fetch GET 200 https://registry.npmjs.org/tinyrainbow/-/tinyrainbow-2.0.0.tgz 279ms (cache miss)
53 http fetch GET 200 https://registry.npmjs.org/uri-js/-/uri-js-4.4.1.tgz 287ms (cache miss)
54 http fetch GET 200 https://registry.npmjs.org/tinyspy/-/tinyspy-4.0.4.tgz 289ms (cache miss)
55 http fetch GET 200 https://registry.npmjs.org/tough-cookie/-/tough-cookie-6.0.1.tgz 292ms (cache miss)
56 http fetch GET 200 https://registry.npmjs.org/thenify-all/-/thenify-all-1.6.0.tgz 304ms (cache miss)
57 http fetch GET 200 https://registry.npmjs.org/tinyglobby/-/tinyglobby-0.2.16.tgz 309ms (cache miss)
58 http fetch GET 200 https://registry.npmjs.org/tinyexec/-/tinyexec-0.3.2.tgz 309ms (cache miss)
59 http fetch GET 200 https://registry.npmjs.org/tinybench/-/tinybench-2.9.0.tgz 310ms (cache miss)
60 http fetch GET 200 https://registry.npmjs.org/thenify/-/thenify-3.3.1.tgz 311ms (cache miss)
61 http fetch GET 200 https://registry.npmjs.org/tiny-invariant/-/tiny-invariant-1.3.3.tgz 313ms (cache miss)
62 http fetch GET 200 https://registry.npmjs.org/symbol-tree/-/symbol-tree-3.2.4.tgz 314ms (cache miss)
63 http fetch GET 200 https://registry.npmjs.org/vite/-/vite-6.4.2.tgz 317ms (cache miss)
64 http fetch GET 200 https://registry.npmjs.org/test-exclude/-/test-exclude-7.0.2.tgz 322ms (cache miss)
65 http fetch GET 200 https://registry.npmjs.org/supports-preserve-symlinks-flag/-/supports-preserve-symlinks-flag-1.0.0.tgz 322ms (cache miss)
66 http fetch GET 200 https://registry.npmjs.org/vitest/-/vitest-3.2.4.tgz 326ms (cache miss)
67 http fetch GET 200 https://registry.npmjs.org/supports-color/-/supports-color-7.2.0.tgz 327ms (cache miss)
68 http fetch GET 200 https://registry.npmjs.org/ts-interface-checker/-/ts-interface-checker-0.1.13.tgz 330ms (cache miss)
69 http fetch GET 200 https://registry.npmjs.org/strip-indent/-/strip-indent-3.0.0.tgz 336ms (cache miss)
70 http fetch GET 200 https://registry.npmjs.org/strip-literal/-/strip-literal-3.1.0.tgz 337ms (cache miss)
71 http fetch GET 200 https://registry.npmjs.org/string-width/-/string-width-4.2.3.tgz 336ms (cache miss)
72 http fetch GET 200 https://registry.npmjs.org/strip-ansi/-/strip-ansi-6.0.1.tgz 338ms (cache miss)
73 http fetch GET 200 https://registry.npmjs.org/strip-ansi/-/strip-ansi-7.2.0.tgz 337ms (cache miss)
74 http fetch GET 200 https://registry.npmjs.org/tldts-core/-/tldts-core-7.0.29.tgz 348ms (cache miss)
75 http fetch GET 200 https://registry.npmjs.org/string-width/-/string-width-5.1.2.tgz 345ms (cache miss)
76 http fetch GET 200 https://registry.npmjs.org/tldts/-/tldts-7.0.29.tgz 359ms (cache miss)
77 http fetch GET 200 https://registry.npmjs.org/strip-json-comments/-/strip-json-comments-3.1.1.tgz 358ms (cache miss)
78 http fetch GET 200 https://registry.npmjs.org/stackback/-/stackback-0.0.2.tgz 358ms (cache miss)
79 http fetch GET 200 https://registry.npmjs.org/tailwind-merge/-/tailwind-merge-3.5.0.tgz 364ms (cache miss)
80 http fetch GET 200 https://registry.npmjs.org/siginfo/-/siginfo-2.0.0.tgz 368ms (cache miss)
81 http fetch GET 200 https://registry.npmjs.org/shebang-regex/-/shebang-regex-3.0.0.tgz 369ms (cache miss)
82 http fetch GET 200 https://registry.npmjs.org/shebang-command/-/shebang-command-2.0.0.tgz 377ms (cache miss)
83 http fetch GET 200 https://registry.npmjs.org/signal-exit/-/signal-exit-4.1.0.tgz 379ms (cache miss)
84 http fetch GET 200 https://registry.npmjs.org/scheduler/-/scheduler-0.27.0.tgz 382ms (cache miss)
85 http fetch GET 200 https://registry.npmjs.org/run-parallel/-/run-parallel-1.2.0.tgz 390ms (cache miss)
86 http fetch GET 200 https://registry.npmjs.org/source-map-js/-/source-map-js-1.2.1.tgz 393ms (cache miss)
87 http fetch GET 200 https://registry.npmjs.org/saxes/-/saxes-6.0.0.tgz 401ms (cache miss)
88 http fetch GET 200 https://registry.npmjs.org/semver/-/semver-6.3.1.tgz 401ms (cache miss)
89 http fetch GET 200 https://registry.npmjs.org/resolve-from/-/resolve-from-4.0.0.tgz 403ms (cache miss)
90 http fetch GET 200 https://registry.npmjs.org/std-env/-/std-env-3.10.0.tgz 407ms (cache miss)
91 http fetch GET 200 https://registry.npmjs.org/set-cookie-parser/-/set-cookie-parser-2.7.2.tgz 407ms (cache miss)
92 http fetch GET 200 https://registry.npmjs.org/reusify/-/reusify-1.1.0.tgz 408ms (cache miss)
93 http fetch GET 200 https://registry.npmjs.org/require-from-string/-/require-from-string-2.0.2.tgz 410ms (cache miss)
94 http fetch GET 200 https://registry.npmjs.org/undici/-/undici-7.25.0.tgz 420ms (cache miss)
95 http fetch GET 200 https://registry.npmjs.org/redent/-/redent-3.0.0.tgz 417ms (cache miss)
96 http fetch GET 200 https://registry.npmjs.org/readdirp/-/readdirp-3.6.0.tgz 424ms (cache miss)
97 http fetch GET 200 https://registry.npmjs.org/read-cache/-/read-cache-1.0.0.tgz 434ms (cache miss)
98 http fetch GET 200 https://registry.npmjs.org/react-router-dom/-/react-router-dom-7.14.1.tgz 434ms (cache miss)
99 http fetch GET 200 https://registry.npmjs.org/recharts-scale/-/recharts-scale-0.4.5.tgz 436ms (cache miss)
100 http fetch GET 200 https://registry.npmjs.org/rollup/-/rollup-4.60.2.tgz 436ms (cache miss)
101 http fetch GET 200 https://registry.npmjs.org/react-is/-/react-is-18.3.1.tgz 435ms (cache miss)
102 http fetch GET 200 https://registry.npmjs.org/queue-microtask/-/queue-microtask-1.2.3.tgz 439ms (cache miss)
103 http fetch GET 200 https://registry.npmjs.org/punycode/-/punycode-2.3.1.tgz 444ms (cache miss)
104 http fetch GET 200 https://registry.npmjs.org/react-refresh/-/react-refresh-0.17.0.tgz 445ms (cache miss)
105 http fetch GET 200 https://registry.npmjs.org/prop-types/-/prop-types-15.8.1.tgz 451ms (cache miss)
106 http fetch GET 200 https://registry.npmjs.org/react-smooth/-/react-smooth-4.0.4.tgz 455ms (cache miss)
107 http fetch GET 200 https://registry.npmjs.org/react/-/react-19.2.5.tgz 455ms (cache miss)
108 http fetch GET 200 https://registry.npmjs.org/postcss-value-parser/-/postcss-value-parser-4.2.0.tgz 466ms (cache miss)
109 http fetch GET 200 https://registry.npmjs.org/postcss-nested/-/postcss-nested-6.2.0.tgz 469ms (cache miss)
110 http fetch GET 200 https://registry.npmjs.org/prelude-ls/-/prelude-ls-1.2.1.tgz 470ms (cache miss)
111 http fetch GET 200 https://registry.npmjs.org/postcss-load-config/-/postcss-load-config-6.0.1.tgz 475ms (cache miss)
112 http fetch GET 200 https://registry.npmjs.org/pretty-format/-/pretty-format-27.5.1.tgz 480ms (cache miss)
113 http fetch GET 200 https://registry.npmjs.org/postcss-js/-/postcss-js-4.1.0.tgz 484ms (cache miss)
114 http fetch GET 200 https://registry.npmjs.org/resolve/-/resolve-1.22.12.tgz 491ms (cache miss)
115 http fetch GET 200 https://registry.npmjs.org/postcss-selector-parser/-/postcss-selector-parser-6.1.2.tgz 495ms (cache miss)
116 http fetch GET 200 https://registry.npmjs.org/pify/-/pify-2.3.0.tgz 507ms (cache miss)
117 http fetch GET 200 https://registry.npmjs.org/pathe/-/pathe-2.0.3.tgz 507ms (cache miss)
118 http fetch GET 200 https://registry.npmjs.org/pathval/-/pathval-2.0.1.tgz 507ms (cache miss)
119 http fetch GET 200 https://registry.npmjs.org/pirates/-/pirates-4.0.7.tgz 508ms (cache miss)
120 http fetch GET 200 https://registry.npmjs.org/picomatch/-/picomatch-2.3.2.tgz 510ms (cache miss)
121 http fetch GET 200 https://registry.npmjs.org/sucrase/-/sucrase-3.35.1.tgz 519ms (cache miss)
122 http fetch GET 200 https://registry.npmjs.org/picocolors/-/picocolors-1.1.1.tgz 515ms (cache miss)
123 http fetch GET 200 https://registry.npmjs.org/react-i18next/-/react-i18next-17.0.8.tgz 518ms (cache miss)
124 http fetch GET 200 https://registry.npmjs.org/path-key/-/path-key-3.1.1.tgz 518ms (cache miss)
125 http fetch GET 200 https://registry.npmjs.org/victory-vendor/-/victory-vendor-36.9.2.tgz 533ms (cache miss)
126 http fetch GET 200 https://registry.npmjs.org/path-scurry/-/path-scurry-1.11.1.tgz 528ms (cache miss)
127 http fetch GET 200 https://registry.npmjs.org/tailwindcss/-/tailwindcss-3.4.19.tgz 537ms (cache miss)
128 http fetch GET 200 https://registry.npmjs.org/react-transition-group/-/react-transition-group-4.4.5.tgz 538ms (cache miss)
129 http fetch GET 200 https://registry.npmjs.org/package-json-from-dist/-/package-json-from-dist-1.0.1.tgz 541ms (cache miss)
130 http fetch GET 200 https://registry.npmjs.org/postcss-import/-/postcss-import-15.1.0.tgz 542ms (cache miss)
131 http fetch GET 200 https://registry.npmjs.org/path-exists/-/path-exists-4.0.0.tgz 543ms (cache miss)
132 http fetch GET 200 https://registry.npmjs.org/path-parse/-/path-parse-1.0.7.tgz 543ms (cache miss)
133 http fetch GET 200 https://registry.npmjs.org/parent-module/-/parent-module-1.0.1.tgz 546ms (cache miss)
134 http fetch GET 200 https://registry.npmjs.org/p-locate/-/p-locate-5.0.0.tgz 549ms (cache miss)
135 http fetch GET 200 https://registry.npmjs.org/p-limit/-/p-limit-3.1.0.tgz 550ms (cache miss)
136 http fetch GET 200 https://registry.npmjs.org/react-dom/-/react-dom-19.2.5.tgz 555ms (cache miss)
137 http fetch GET 200 https://registry.npmjs.org/optionator/-/optionator-0.9.4.tgz 557ms (cache miss)
138 http fetch GET 200 https://registry.npmjs.org/normalize-path/-/normalize-path-3.0.0.tgz 557ms (cache miss)
139 http fetch GET 200 https://registry.npmjs.org/object-hash/-/object-hash-3.0.0.tgz 557ms (cache miss)
140 http fetch GET 200 https://registry.npmjs.org/natural-compare/-/natural-compare-1.4.0.tgz 561ms (cache miss)
141 http fetch GET 200 https://registry.npmjs.org/object-assign/-/object-assign-4.1.1.tgz 561ms (cache miss)
142 http fetch GET 200 https://registry.npmjs.org/react-router/-/react-router-7.14.1.tgz 569ms (cache miss)
143 http fetch GET 200 https://registry.npmjs.org/postcss/-/postcss-8.5.10.tgz 568ms (cache miss)
144 http fetch GET 200 https://registry.npmjs.org/parse5/-/parse5-8.0.1.tgz 569ms (cache miss)
145 http fetch GET 200 https://registry.npmjs.org/mz/-/mz-2.7.0.tgz 577ms (cache miss)
146 http fetch GET 200 https://registry.npmjs.org/node-releases/-/node-releases-2.0.37.tgz 578ms (cache miss)
147 http fetch GET 200 https://registry.npmjs.org/ms/-/ms-2.1.3.tgz 578ms (cache miss)
148 http fetch GET 200 https://registry.npmjs.org/nanoid/-/nanoid-3.3.11.tgz 578ms (cache miss)
149 http fetch GET 200 https://registry.npmjs.org/minimatch/-/minimatch-3.1.5.tgz 577ms (cache miss)
150 http fetch GET 200 https://registry.npmjs.org/merge2/-/merge2-1.4.1.tgz 589ms (cache miss)
151 http fetch GET 200 https://registry.npmjs.org/min-indent/-/min-indent-1.0.1.tgz 589ms (cache miss)
152 http fetch GET 200 https://registry.npmjs.org/micromatch/-/micromatch-4.0.8.tgz 593ms (cache miss)
153 http fetch GET 200 https://registry.npmjs.org/make-dir/-/make-dir-4.0.0.tgz 593ms (cache miss)
154 http fetch GET 200 https://registry.npmjs.org/typescript/-/typescript-5.9.3.tgz 603ms (cache miss)
155 http fetch GET 200 https://registry.npmjs.org/minipass/-/minipass-7.1.3.tgz 598ms (cache miss)
156 http fetch GET 200 https://registry.npmjs.org/lru-cache/-/lru-cache-5.1.1.tgz 598ms (cache miss)
157 http fetch GET 200 https://registry.npmjs.org/magic-string/-/magic-string-0.30.21.tgz 600ms (cache miss)
158 http fetch GET 200 https://registry.npmjs.org/lz-string/-/lz-string-1.5.0.tgz 600ms (cache miss)
159 http fetch GET 200 https://registry.npmjs.org/lodash.merge/-/lodash.merge-4.6.2.tgz 608ms (cache miss)
160 http fetch GET 200 https://registry.npmjs.org/lines-and-columns/-/lines-and-columns-1.2.4.tgz 612ms (cache miss)
161 http fetch GET 200 https://registry.npmjs.org/loose-envify/-/loose-envify-1.4.0.tgz 614ms (cache miss)
162 http fetch GET 200 https://registry.npmjs.org/loupe/-/loupe-3.2.1.tgz 614ms (cache miss)
163 http fetch GET 200 https://registry.npmjs.org/locate-path/-/locate-path-6.0.0.tgz 618ms (cache miss)
164 http fetch GET 200 https://registry.npmjs.org/levn/-/levn-0.4.1.tgz 619ms (cache miss)
165 http fetch GET 200 https://registry.npmjs.org/mdn-data/-/mdn-data-2.27.1.tgz 619ms (cache miss)
166 http fetch GET 200 https://registry.npmjs.org/lilconfig/-/lilconfig-3.1.3.tgz 620ms (cache miss)
167 http fetch GET 200 https://registry.npmjs.org/keyv/-/keyv-4.5.4.tgz 621ms (cache miss)
168 http fetch GET 200 https://registry.npmjs.org/json-stable-stringify-without-jsonify/-/json-stable-stringify-without-jsonify-1.0.1.tgz 623ms (cache miss)
169 http fetch GET 200 https://registry.npmjs.org/magicast/-/magicast-0.3.5.tgz 625ms (cache miss)
170 http fetch GET 200 https://registry.npmjs.org/json-schema-traverse/-/json-schema-traverse-0.4.1.tgz 625ms (cache miss)
171 http fetch GET 200 https://registry.npmjs.org/playwright/-/playwright-1.60.0.tgz 633ms (cache miss)
172 http fetch GET 200 https://registry.npmjs.org/json-buffer/-/json-buffer-3.0.1.tgz 631ms (cache miss)
173 http fetch GET 200 https://registry.npmjs.org/jsesc/-/jsesc-3.1.0.tgz 631ms (cache miss)
174 http fetch GET 200 https://registry.npmjs.org/js-tokens/-/js-tokens-4.0.0.tgz 634ms (cache miss)
175 http fetch GET 200 https://registry.npmjs.org/isexe/-/isexe-2.0.0.tgz 668ms (cache miss)
176 http fetch GET 200 https://registry.npmjs.org/istanbul-lib-source-maps/-/istanbul-lib-source-maps-5.0.6.tgz 669ms (cache miss)
177 http fetch GET 200 https://registry.npmjs.org/istanbul-lib-coverage/-/istanbul-lib-coverage-3.2.2.tgz 671ms (cache miss)
178 http fetch GET 200 https://registry.npmjs.org/is-glob/-/is-glob-4.0.3.tgz 672ms (cache miss)
179 http fetch GET 200 https://registry.npmjs.org/is-fullwidth-code-point/-/is-fullwidth-code-point-3.0.0.tgz 672ms (cache miss)
180 http fetch GET 200 https://registry.npmjs.org/is-potential-custom-element-name/-/is-potential-custom-element-name-1.0.1.tgz 672ms (cache miss)
181 http fetch GET 200 https://registry.npmjs.org/is-number/-/is-number-7.0.0.tgz 673ms (cache miss)
182 http fetch GET 200 https://registry.npmjs.org/is-extglob/-/is-extglob-2.1.1.tgz 673ms (cache miss)
183 http fetch GET 200 https://registry.npmjs.org/json5/-/json5-2.2.3.tgz 675ms (cache miss)
184 http fetch GET 200 https://registry.npmjs.org/is-core-module/-/is-core-module-2.16.1.tgz 677ms (cache miss)
185 http fetch GET 200 https://registry.npmjs.org/istanbul-lib-report/-/istanbul-lib-report-3.0.1.tgz 679ms (cache miss)
186 http fetch GET 200 https://registry.npmjs.org/is-binary-path/-/is-binary-path-2.1.0.tgz 680ms (cache miss)
187 http fetch GET 200 https://registry.npmjs.org/import-fresh/-/import-fresh-3.3.1.tgz 681ms (cache miss)
188 http fetch GET 200 https://registry.npmjs.org/indent-string/-/indent-string-4.0.0.tgz 681ms (cache miss)
189 http fetch GET 200 https://registry.npmjs.org/imurmurhash/-/imurmurhash-0.1.4.tgz 682ms (cache miss)
190 http fetch GET 200 https://registry.npmjs.org/html-parse-stringify/-/html-parse-stringify-3.0.1.tgz 688ms (cache miss)
191 http fetch GET 200 https://registry.npmjs.org/html-encoding-sniffer/-/html-encoding-sniffer-6.0.0.tgz 689ms (cache miss)
192 http fetch GET 200 https://registry.npmjs.org/html-escaper/-/html-escaper-2.0.2.tgz 690ms (cache miss)
193 http fetch GET 200 https://registry.npmjs.org/internmap/-/internmap-2.0.3.tgz 692ms (cache miss)
194 http fetch GET 200 https://registry.npmjs.org/hasown/-/hasown-2.0.3.tgz 697ms (cache miss)
195 http fetch GET 200 https://registry.npmjs.org/jackspeak/-/jackspeak-3.4.3.tgz 699ms (cache miss)
196 http fetch GET 200 https://registry.npmjs.org/has-flag/-/has-flag-4.0.0.tgz 699ms (cache miss)
197 http fetch GET 200 https://registry.npmjs.org/jiti/-/jiti-1.21.7.tgz 703ms (cache miss)
198 http fetch GET 200 https://registry.npmjs.org/js-yaml/-/js-yaml-4.1.1.tgz 705ms (cache miss)
199 http fetch GET 200 https://registry.npmjs.org/hermes-estree/-/hermes-estree-0.25.1.tgz 706ms (cache miss)
200 http fetch GET 200 https://registry.npmjs.org/gensync/-/gensync-1.0.0-beta.2.tgz 707ms (cache miss)
201 http fetch GET 200 https://registry.npmjs.org/i18next/-/i18next-26.3.1.tgz 707ms (cache miss)
202 http fetch GET 200 https://registry.npmjs.org/glob-parent/-/glob-parent-6.0.2.tgz 709ms (cache miss)
203 http fetch GET 200 https://registry.npmjs.org/ignore/-/ignore-5.3.2.tgz 717ms (cache miss)
204 http fetch GET 200 https://registry.npmjs.org/function-bind/-/function-bind-1.1.2.tgz 718ms (cache miss)
205 http fetch GET 200 https://registry.npmjs.org/globals/-/globals-16.5.0.tgz 719ms (cache miss)
206 http fetch GET 200 https://registry.npmjs.org/fsevents/-/fsevents-2.3.3.tgz 723ms (cache miss)
207 http fetch GET 200 https://registry.npmjs.org/flatted/-/flatted-3.4.2.tgz 729ms (cache miss)
208 http fetch GET 200 https://registry.npmjs.org/istanbul-reports/-/istanbul-reports-3.2.0.tgz 732ms (cache miss)
209 http fetch GET 200 https://registry.npmjs.org/find-up/-/find-up-5.0.0.tgz 730ms (cache miss)
210 http fetch GET 200 https://registry.npmjs.org/fill-range/-/fill-range-7.1.1.tgz 731ms (cache miss)
211 http fetch GET 200 https://registry.npmjs.org/foreground-child/-/foreground-child-3.3.1.tgz 732ms (cache miss)
212 http fetch GET 200 https://registry.npmjs.org/flat-cache/-/flat-cache-4.0.1.tgz 732ms (cache miss)
213 http fetch GET 200 https://registry.npmjs.org/fraction.js/-/fraction.js-5.3.4.tgz 735ms (cache miss)
214 http fetch GET 200 https://registry.npmjs.org/fast-json-stable-stringify/-/fast-json-stable-stringify-2.1.0.tgz 735ms (cache miss)
215 http fetch GET 200 https://registry.npmjs.org/file-entry-cache/-/file-entry-cache-8.0.0.tgz 738ms (cache miss)
216 http fetch GET 200 https://registry.npmjs.org/fast-deep-equal/-/fast-deep-equal-3.1.3.tgz 746ms (cache miss)
217 http fetch GET 200 https://registry.npmjs.org/fastq/-/fastq-1.20.1.tgz 750ms (cache miss)
218 http fetch GET 200 https://registry.npmjs.org/hermes-parser/-/hermes-parser-0.25.1.tgz 752ms (cache miss)
219 http fetch GET 200 https://registry.npmjs.org/estree-walker/-/estree-walker-3.0.3.tgz 752ms (cache miss)
220 http fetch GET 200 https://registry.npmjs.org/eventemitter3/-/eventemitter3-4.0.7.tgz 753ms (cache miss)
221 http fetch GET 200 https://registry.npmjs.org/esutils/-/esutils-2.0.3.tgz 753ms (cache miss)
222 http fetch GET 200 https://registry.npmjs.org/estraverse/-/estraverse-5.3.0.tgz 756ms (cache miss)
223 http fetch GET 200 https://registry.npmjs.org/expect-type/-/expect-type-1.3.0.tgz 756ms (cache miss)
224 http fetch GET 200 https://registry.npmjs.org/esrecurse/-/esrecurse-4.3.0.tgz 764ms (cache miss)
225 http fetch GET 200 https://registry.npmjs.org/espree/-/espree-10.4.0.tgz 765ms (cache miss)
226 http fetch GET 200 https://registry.npmjs.org/fast-equals/-/fast-equals-5.4.0.tgz 767ms (cache miss)
227 http fetch GET 200 https://registry.npmjs.org/eslint-scope/-/eslint-scope-8.4.0.tgz 768ms (cache miss)
228 http fetch GET 200 https://registry.npmjs.org/glob/-/glob-10.5.0.tgz 772ms (cache miss)
229 warn deprecated glob@10.5.0: Old versions of glob are not supported, and contain widely publicized security vulnerabilities, which have been fixed in the current version. Please update. Support for old versions may be purchased (at exorbitant rates) by contacting i@izs.me
230 http fetch GET 200 https://registry.npmjs.org/eslint-plugin-react-refresh/-/eslint-plugin-react-refresh-0.4.26.tgz 794ms (cache miss)
231 http fetch GET 200 https://registry.npmjs.org/es-errors/-/es-errors-1.3.0.tgz 794ms (cache miss)
232 http fetch GET 200 https://registry.npmjs.org/escape-string-regexp/-/escape-string-regexp-4.0.0.tgz 794ms (cache miss)
233 http fetch GET 200 https://registry.npmjs.org/fast-glob/-/fast-glob-3.3.3.tgz 797ms (cache miss)
234 http fetch GET 200 https://registry.npmjs.org/fast-levenshtein/-/fast-levenshtein-2.0.6.tgz 796ms (cache miss)
235 http fetch GET 200 https://registry.npmjs.org/esquery/-/esquery-1.7.0.tgz 797ms (cache miss)
236 http fetch GET 200 https://registry.npmjs.org/escalade/-/escalade-3.2.0.tgz 796ms (cache miss)
237 http fetch GET 200 https://registry.npmjs.org/esbuild/-/esbuild-0.25.12.tgz 796ms (cache miss)
238 http fetch GET 200 https://registry.npmjs.org/es-module-lexer/-/es-module-lexer-1.7.0.tgz 798ms (cache miss)
239 http fetch GET 200 https://registry.npmjs.org/eastasianwidth/-/eastasianwidth-0.2.0.tgz 799ms (cache miss)
240 http fetch GET 200 https://registry.npmjs.org/electron-to-chromium/-/electron-to-chromium-1.5.340.tgz 803ms (cache miss)
241 http fetch GET 200 https://registry.npmjs.org/emoji-regex/-/emoji-regex-9.2.2.tgz 804ms (cache miss)
242 http fetch GET 200 https://registry.npmjs.org/eslint-visitor-keys/-/eslint-visitor-keys-4.2.1.tgz 805ms (cache miss)
243 http fetch GET 200 https://registry.npmjs.org/playwright-core/-/playwright-core-1.60.0.tgz 827ms (cache miss)
244 http fetch GET 200 https://registry.npmjs.org/dequal/-/dequal-2.0.3.tgz 824ms (cache miss)
245 http fetch GET 200 https://registry.npmjs.org/dlv/-/dlv-1.1.3.tgz 827ms (cache miss)
246 http fetch GET 200 https://registry.npmjs.org/deep-is/-/deep-is-0.1.4.tgz 829ms (cache miss)
247 http fetch GET 200 https://registry.npmjs.org/didyoumean/-/didyoumean-1.2.2.tgz 829ms (cache miss)
248 http fetch GET 200 https://registry.npmjs.org/deep-eql/-/deep-eql-5.0.2.tgz 830ms (cache miss)
249 http fetch GET 200 https://registry.npmjs.org/recharts/-/recharts-2.15.4.tgz 837ms (cache miss)
250 http fetch GET 200 https://registry.npmjs.org/d3-timer/-/d3-timer-3.0.1.tgz 831ms (cache miss)
251 http fetch GET 200 https://registry.npmjs.org/decimal.js-light/-/decimal.js-light-2.5.1.tgz 832ms (cache miss)
252 http fetch GET 200 https://registry.npmjs.org/decimal.js/-/decimal.js-10.6.0.tgz 835ms (cache miss)
253 http fetch GET 200 https://registry.npmjs.org/data-urls/-/data-urls-7.0.0.tgz 836ms (cache miss)
254 http fetch GET 200 https://registry.npmjs.org/d3-time/-/d3-time-3.1.0.tgz 838ms (cache miss)
255 http fetch GET 200 https://registry.npmjs.org/d3-path/-/d3-path-3.1.0.tgz 849ms (cache miss)
256 http fetch GET 200 https://registry.npmjs.org/entities/-/entities-8.0.0.tgz 856ms (cache miss)
257 http fetch GET 200 https://registry.npmjs.org/d3-time-format/-/d3-time-format-4.1.0.tgz 855ms (cache miss)
258 http fetch GET 200 https://registry.npmjs.org/d3-color/-/d3-color-3.1.0.tgz 858ms (cache miss)
259 http fetch GET 200 https://registry.npmjs.org/d3-ease/-/d3-ease-3.0.1.tgz 860ms (cache miss)
260 http fetch GET 200 https://registry.npmjs.org/cssesc/-/cssesc-3.0.0.tgz 866ms (cache miss)
261 http fetch GET 200 https://registry.npmjs.org/debug/-/debug-4.4.3.tgz 866ms (cache miss)
262 http fetch GET 200 https://registry.npmjs.org/css.escape/-/css.escape-1.5.1.tgz 867ms (cache miss)
263 http fetch GET 200 https://registry.npmjs.org/d3-interpolate/-/d3-interpolate-3.0.1.tgz 868ms (cache miss)
264 http fetch GET 200 https://registry.npmjs.org/dom-accessibility-api/-/dom-accessibility-api-0.5.16.tgz 874ms (cache miss)
265 http fetch GET 200 https://registry.npmjs.org/d3-scale/-/d3-scale-4.0.2.tgz 878ms (cache miss)
266 http fetch GET 200 https://registry.npmjs.org/eslint-plugin-react-hooks/-/eslint-plugin-react-hooks-7.1.1.tgz 880ms (cache miss)
267 http fetch GET 200 https://registry.npmjs.org/cross-spawn/-/cross-spawn-7.0.6.tgz 882ms (cache miss)
268 http fetch GET 200 https://registry.npmjs.org/convert-source-map/-/convert-source-map-2.0.0.tgz 882ms (cache miss)
269 http fetch GET 200 https://registry.npmjs.org/concat-map/-/concat-map-0.0.1.tgz 891ms (cache miss)
270 http fetch GET 200 https://registry.npmjs.org/color-name/-/color-name-1.1.4.tgz 893ms (cache miss)
271 http fetch GET 200 https://registry.npmjs.org/commander/-/commander-4.1.1.tgz 893ms (cache miss)
272 http fetch GET 200 https://registry.npmjs.org/clsx/-/clsx-2.1.1.tgz 893ms (cache miss)
273 http fetch GET 200 https://registry.npmjs.org/check-error/-/check-error-2.1.3.tgz 897ms (cache miss)
274 http fetch GET 200 https://registry.npmjs.org/color-convert/-/color-convert-2.0.1.tgz 898ms (cache miss)
275 http fetch GET 200 https://registry.npmjs.org/csstype/-/csstype-3.2.3.tgz 901ms (cache miss)
276 http fetch GET 200 https://registry.npmjs.org/chalk/-/chalk-4.1.2.tgz 903ms (cache miss)
277 http fetch GET 200 https://registry.npmjs.org/d3-format/-/d3-format-3.1.2.tgz 905ms (cache miss)
278 http fetch GET 200 https://registry.npmjs.org/d3-array/-/d3-array-3.2.4.tgz 914ms (cache miss)
279 http fetch GET 200 https://registry.npmjs.org/d3-shape/-/d3-shape-3.2.0.tgz 916ms (cache miss)
280 http fetch GET 200 https://registry.npmjs.org/callsites/-/callsites-3.1.0.tgz 915ms (cache miss)
281 http fetch GET 200 https://registry.npmjs.org/camelcase-css/-/camelcase-css-2.0.1.tgz 916ms (cache miss)
282 http fetch GET 200 https://registry.npmjs.org/browserslist/-/browserslist-4.28.2.tgz 919ms (cache miss)
283 http fetch GET 200 https://registry.npmjs.org/braces/-/braces-3.0.3.tgz 922ms (cache miss)
284 http fetch GET 200 https://registry.npmjs.org/cookie/-/cookie-1.1.1.tgz 923ms (cache miss)
285 http fetch GET 200 https://registry.npmjs.org/cac/-/cac-6.7.14.tgz 930ms (cache miss)
286 http fetch GET 200 https://registry.npmjs.org/brace-expansion/-/brace-expansion-1.1.14.tgz 933ms (cache miss)
287 http fetch GET 200 https://registry.npmjs.org/zod/-/zod-3.25.76.tgz 950ms (cache miss)
288 http fetch GET 200 https://registry.npmjs.org/ast-v8-to-istanbul/-/ast-v8-to-istanbul-0.3.12.tgz 939ms (cache miss)
289 http fetch GET 200 https://registry.npmjs.org/baseline-browser-mapping/-/baseline-browser-mapping-2.10.20.tgz 941ms (cache miss)
290 http fetch GET 200 https://registry.npmjs.org/assertion-error/-/assertion-error-2.0.1.tgz 941ms (cache miss)
291 http fetch GET 200 https://registry.npmjs.org/binary-extensions/-/binary-extensions-2.3.0.tgz 945ms (cache miss)
292 http fetch GET 200 https://registry.npmjs.org/argparse/-/argparse-2.0.1.tgz 946ms (cache miss)
293 http fetch GET 200 https://registry.npmjs.org/bidi-js/-/bidi-js-1.0.3.tgz 948ms (cache miss)
294 http fetch GET 200 https://registry.npmjs.org/anymatch/-/anymatch-3.1.3.tgz 961ms (cache miss)
295 http fetch GET https://registry.npmjs.org/arg/-/arg-5.0.2.tgz attempt 1 failed with EINTEGRITY
296 http fetch GET 200 https://registry.npmjs.org/chokidar/-/chokidar-3.6.0.tgz 962ms (cache miss)
297 http fetch GET 200 https://registry.npmjs.org/balanced-match/-/balanced-match-1.0.2.tgz 962ms (cache miss)
298 http fetch GET 200 https://registry.npmjs.org/any-promise/-/any-promise-1.3.0.tgz 963ms (cache miss)
299 http fetch GET 200 https://registry.npmjs.org/ansi-regex/-/ansi-regex-5.0.1.tgz 963ms (cache miss)
300 http fetch GET 200 https://registry.npmjs.org/chai/-/chai-5.3.3.tgz 968ms (cache miss)
301 http fetch GET 200 https://registry.npmjs.org/acorn-jsx/-/acorn-jsx-5.3.2.tgz 967ms (cache miss)
302 http fetch GET 200 https://registry.npmjs.org/ansi-styles/-/ansi-styles-4.3.0.tgz 968ms (cache miss)
303 http fetch GET 200 https://registry.npmjs.org/acorn/-/acorn-8.16.0.tgz 973ms (cache miss)
304 http fetch GET 200 https://registry.npmjs.org/@vitest/spy/-/spy-3.2.4.tgz 974ms (cache miss)
305 http fetch GET 200 https://registry.npmjs.org/@vitest/pretty-format/-/pretty-format-3.2.4.tgz 988ms (cache miss)
306 http fetch GET 200 https://registry.npmjs.org/@vitest/snapshot/-/snapshot-3.2.4.tgz 991ms (cache miss)
307 http fetch GET 200 https://registry.npmjs.org/@vitest/utils/-/utils-3.2.4.tgz 992ms (cache miss)
308 http fetch GET 200 https://registry.npmjs.org/@vitejs/plugin-react/-/plugin-react-4.7.0.tgz 1005ms (cache miss)
309 http fetch GET 200 https://registry.npmjs.org/@vitest/expect/-/expect-3.2.4.tgz 1005ms (cache miss)
310 http fetch GET 200 https://registry.npmjs.org/@typescript-eslint/visitor-keys/-/visitor-keys-8.58.2.tgz 1008ms (cache miss)
311 http fetch GET 200 https://registry.npmjs.org/@typescript-eslint/tsconfig-utils/-/tsconfig-utils-8.58.2.tgz 1009ms (cache miss)
312 http fetch GET 200 https://registry.npmjs.org/@typescript-eslint/project-service/-/project-service-8.58.2.tgz 1017ms (cache miss)
313 http fetch GET 200 https://registry.npmjs.org/@vitest/coverage-v8/-/coverage-v8-3.2.4.tgz 1019ms (cache miss)
314 http fetch GET 200 https://registry.npmjs.org/@vitest/mocker/-/mocker-3.2.4.tgz 1021ms (cache miss)
315 http fetch GET 200 https://registry.npmjs.org/@typescript-eslint/parser/-/parser-8.58.2.tgz 1025ms (cache miss)
316 http fetch GET 200 https://registry.npmjs.org/@types/tough-cookie/-/tough-cookie-4.0.5.tgz 1025ms (cache miss)
317 http fetch GET 200 https://registry.npmjs.org/dom-helpers/-/dom-helpers-5.2.1.tgz 1039ms (cache miss)
318 http fetch GET 200 https://registry.npmjs.org/@types/react-dom/-/react-dom-19.2.3.tgz 1036ms (cache miss)
319 http fetch GET 200 https://registry.npmjs.org/@types/jsdom/-/jsdom-28.0.1.tgz 1038ms (cache miss)
320 http fetch GET 200 https://registry.npmjs.org/@types/deep-eql/-/deep-eql-4.0.2.tgz 1040ms (cache miss)
321 http fetch GET 200 https://registry.npmjs.org/@typescript-eslint/type-utils/-/type-utils-8.58.2.tgz 1043ms (cache miss)
322 http fetch GET 200 https://registry.npmjs.org/@types/d3-timer/-/d3-timer-3.0.2.tgz 1043ms (cache miss)
323 http fetch GET 200 https://registry.npmjs.org/autoprefixer/-/autoprefixer-10.5.0.tgz 1045ms (cache miss)
324 http fetch GET 200 https://registry.npmjs.org/@typescript-eslint/types/-/types-8.58.2.tgz 1044ms (cache miss)
325 http fetch GET 200 https://registry.npmjs.org/@types/react/-/react-19.2.14.tgz 1061ms (cache miss)
326 http fetch GET 200 https://registry.npmjs.org/@types/json-schema/-/json-schema-7.0.15.tgz 1064ms (cache miss)
327 http fetch GET 200 https://registry.npmjs.org/@types/d3-time/-/d3-time-3.0.4.tgz 1064ms (cache miss)
328 http fetch GET 200 https://registry.npmjs.org/@types/d3-ease/-/d3-ease-3.0.2.tgz 1069ms (cache miss)
329 http fetch GET 200 https://registry.npmjs.org/@types/d3-color/-/d3-color-3.1.3.tgz 1078ms (cache miss)
330 http fetch GET 200 https://registry.npmjs.org/@types/d3-array/-/d3-array-3.2.2.tgz 1079ms (cache miss)
331 http fetch GET 200 https://registry.npmjs.org/@types/d3-scale/-/d3-scale-4.0.9.tgz 1079ms (cache miss)
332 http fetch GET 200 https://registry.npmjs.org/@types/d3-interpolate/-/d3-interpolate-3.0.4.tgz 1079ms (cache miss)
333 http fetch GET 200 https://registry.npmjs.org/@types/d3-shape/-/d3-shape-3.1.8.tgz 1080ms (cache miss)
334 http fetch GET 200 https://registry.npmjs.org/@types/chai/-/chai-5.2.3.tgz 1080ms (cache miss)
335 http fetch GET 200 https://registry.npmjs.org/@types/babel__traverse/-/babel__traverse-7.28.0.tgz 1080ms (cache miss)
336 http fetch GET 200 https://registry.npmjs.org/@types/babel__generator/-/babel__generator-7.27.0.tgz 1081ms (cache miss)
337 http fetch GET 200 https://registry.npmjs.org/@types/babel__template/-/babel__template-7.4.4.tgz 1081ms (cache miss)
338 http fetch GET 200 https://registry.npmjs.org/ajv/-/ajv-6.14.0.tgz 1097ms (cache miss)
339 http fetch GET 200 https://registry.npmjs.org/@types/aria-query/-/aria-query-5.0.4.tgz 1098ms (cache miss)
340 http fetch GET 200 https://registry.npmjs.org/@types/babel__core/-/babel__core-7.20.5.tgz 1106ms (cache miss)
341 http fetch GET 200 https://registry.npmjs.org/@types/estree/-/estree-1.0.8.tgz 1106ms (cache miss)
342 http fetch GET 200 https://registry.npmjs.org/@typescript-eslint/typescript-estree/-/typescript-estree-8.58.2.tgz 1108ms (cache miss)
343 http fetch GET 200 https://registry.npmjs.org/@typescript-eslint/utils/-/utils-8.58.2.tgz 1113ms (cache miss)
344 http fetch GET 200 https://registry.npmjs.org/@rolldown/pluginutils/-/pluginutils-1.0.0-beta.27.tgz 1114ms (cache miss)
345 http fetch GET 200 https://registry.npmjs.org/lodash/-/lodash-4.18.1.tgz 1126ms (cache miss)
346 http fetch GET 200 https://registry.npmjs.org/@testing-library/react/-/react-16.3.2.tgz 1118ms (cache miss)
347 http fetch GET 200 https://registry.npmjs.org/@playwright/test/-/test-1.60.0.tgz 1128ms (cache miss)
348 http fetch GET 200 https://registry.npmjs.org/@types/node/-/node-25.6.0.tgz 1130ms (cache miss)
349 http fetch GET 200 https://registry.npmjs.org/@rollup/rollup-darwin-arm64/-/rollup-darwin-arm64-4.60.2.tgz 1142ms (cache miss)
350 http fetch GET 200 https://registry.npmjs.org/@pkgjs/parseargs/-/parseargs-0.11.0.tgz 1143ms (cache miss)
351 http fetch GET 200 https://registry.npmjs.org/@nodelib/fs.stat/-/fs.stat-2.0.5.tgz 1143ms (cache miss)
352 http fetch GET 200 https://registry.npmjs.org/@testing-library/jest-dom/-/jest-dom-6.9.1.tgz 1144ms (cache miss)
353 http fetch GET 200 https://registry.npmjs.org/@nodelib/fs.walk/-/fs.walk-1.2.8.tgz 1152ms (cache miss)
354 http fetch GET 200 https://registry.npmjs.org/@testing-library/dom/-/dom-10.4.1.tgz 1161ms (cache miss)
355 http fetch GET 200 https://registry.npmjs.org/@jridgewell/resolve-uri/-/resolve-uri-3.1.2.tgz 1176ms (cache miss)
356 http fetch GET 200 https://registry.npmjs.org/@istanbuljs/schema/-/schema-0.1.6.tgz 1190ms (cache miss)
357 http fetch GET 200 https://registry.npmjs.org/@humanwhocodes/retry/-/retry-0.4.3.tgz 1193ms (cache miss)
358 http fetch GET 200 https://registry.npmjs.org/@humanfs/types/-/types-0.15.0.tgz 1193ms (cache miss)
359 http fetch GET 200 https://registry.npmjs.org/@jridgewell/sourcemap-codec/-/sourcemap-codec-1.5.5.tgz 1195ms (cache miss)
360 http fetch GET 200 https://registry.npmjs.org/@types/d3-path/-/d3-path-3.1.1.tgz 1200ms (cache miss)
361 http fetch GET 200 https://registry.npmjs.org/@humanwhocodes/module-importer/-/module-importer-1.0.1.tgz 1204ms (cache miss)
362 http fetch GET 200 https://registry.npmjs.org/@jridgewell/remapping/-/remapping-2.3.5.tgz 1205ms (cache miss)
363 http fetch GET 200 https://registry.npmjs.org/@jridgewell/gen-mapping/-/gen-mapping-0.3.13.tgz 1206ms (cache miss)
364 http fetch GET 200 https://registry.npmjs.org/@jridgewell/trace-mapping/-/trace-mapping-0.3.31.tgz 1215ms (cache miss)
365 http fetch GET 200 https://registry.npmjs.org/@isaacs/cliui/-/cliui-8.0.2.tgz 1215ms (cache miss)
366 http fetch GET 200 https://registry.npmjs.org/@humanfs/node/-/node-0.16.8.tgz 1216ms (cache miss)
367 http fetch GET 200 https://registry.npmjs.org/@humanfs/core/-/core-0.19.2.tgz 1225ms (cache miss)
368 http fetch GET 200 https://registry.npmjs.org/aria-query/-/aria-query-5.3.0.tgz 1232ms (cache miss)
369 http fetch GET 200 https://registry.npmjs.org/css-tree/-/css-tree-3.2.1.tgz 1251ms (cache miss)
370 http fetch GET 200 https://registry.npmjs.org/@eslint/js/-/js-9.39.4.tgz 1272ms (cache miss)
371 http fetch GET 200 https://registry.npmjs.org/@eslint/core/-/core-0.17.0.tgz 1274ms (cache miss)
372 http fetch GET 200 https://registry.npmjs.org/@eslint-community/eslint-utils/-/eslint-utils-4.9.1.tgz 1277ms (cache miss)
373 http fetch GET 200 https://registry.npmjs.org/@eslint/config-helpers/-/config-helpers-0.4.2.tgz 1277ms (cache miss)
374 http fetch GET 200 https://registry.npmjs.org/@eslint/plugin-kit/-/plugin-kit-0.4.1.tgz 1280ms (cache miss)
375 http fetch GET 200 https://registry.npmjs.org/@eslint/object-schema/-/object-schema-2.1.7.tgz 1281ms (cache miss)
376 http fetch GET 200 https://registry.npmjs.org/@tauri-apps/plugin-shell/-/plugin-shell-2.3.5.tgz 1282ms (cache miss)
377 http fetch GET 200 https://registry.npmjs.org/@tauri-apps/cli/-/cli-2.10.1.tgz 1284ms (cache miss)
378 http fetch GET 200 https://registry.npmjs.org/eslint/-/eslint-9.39.4.tgz 1292ms (cache miss)
379 http fetch GET 200 https://registry.npmjs.org/@eslint/eslintrc/-/eslintrc-3.3.5.tgz 1302ms (cache miss)
380 http fetch GET 200 https://registry.npmjs.org/@exodus/bytes/-/bytes-1.15.0.tgz 1307ms (cache miss)
381 http fetch GET 200 https://registry.npmjs.org/@typescript-eslint/scope-manager/-/scope-manager-8.58.2.tgz 1310ms (cache miss)
382 http fetch GET 200 https://registry.npmjs.org/@eslint/config-array/-/config-array-0.21.2.tgz 1309ms (cache miss)
383 http fetch GET 200 https://registry.npmjs.org/@tauri-apps/api/-/api-2.10.1.tgz 1311ms (cache miss)
384 http fetch GET 200 https://registry.npmjs.org/@eslint-community/regexpp/-/regexpp-4.12.2.tgz 1311ms (cache miss)
385 http fetch GET 200 https://registry.npmjs.org/@csstools/css-parser-algorithms/-/css-parser-algorithms-4.0.0.tgz 1310ms (cache miss)
386 http fetch GET 200 https://registry.npmjs.org/@csstools/css-syntax-patches-for-csstree/-/css-syntax-patches-for-csstree-1.1.3.tgz 1317ms (cache miss)
387 http fetch GET 200 https://registry.npmjs.org/@csstools/css-tokenizer/-/css-tokenizer-4.0.0.tgz 1319ms (cache miss)
388 http fetch GET 200 https://registry.npmjs.org/@csstools/color-helpers/-/color-helpers-6.0.2.tgz 1322ms (cache miss)
389 http fetch GET 200 https://registry.npmjs.org/@bcoe/v8-coverage/-/v8-coverage-1.0.2.tgz 1323ms (cache miss)
390 http fetch GET 200 https://registry.npmjs.org/@csstools/css-color-parser/-/css-color-parser-4.1.0.tgz 1324ms (cache miss)
391 http fetch GET 200 https://registry.npmjs.org/@nodelib/fs.scandir/-/fs.scandir-2.1.5.tgz 1335ms (cache miss)
392 http fetch GET 200 https://registry.npmjs.org/@bramus/specificity/-/specificity-2.4.2.tgz 1346ms (cache miss)
393 http fetch GET 200 https://registry.npmjs.org/@babel/plugin-transform-react-jsx-self/-/plugin-transform-react-jsx-self-7.27.1.tgz 1351ms (cache miss)
394 http fetch GET 200 https://registry.npmjs.org/@babel/plugin-transform-react-jsx-source/-/plugin-transform-react-jsx-source-7.27.1.tgz 1354ms (cache miss)
395 http fetch GET 200 https://registry.npmjs.org/@babel/helper-validator-option/-/helper-validator-option-7.27.1.tgz 1358ms (cache miss)
396 http fetch GET 200 https://registry.npmjs.org/@babel/helper-plugin-utils/-/helper-plugin-utils-7.28.6.tgz 1375ms (cache miss)
397 http fetch GET 200 https://registry.npmjs.org/@babel/helper-compilation-targets/-/helper-compilation-targets-7.28.6.tgz 1399ms (cache miss)
398 http fetch GET 200 https://registry.npmjs.org/@babel/helper-module-imports/-/helper-module-imports-7.28.6.tgz 1404ms (cache miss)
399 http fetch GET 200 https://registry.npmjs.org/@babel/template/-/template-7.28.6.tgz 1406ms (cache miss)
400 http fetch GET 200 https://registry.npmjs.org/@tauri-apps/cli-darwin-arm64/-/cli-darwin-arm64-2.10.1.tgz 1409ms (cache miss)
401 http fetch GET 200 https://registry.npmjs.org/@babel/traverse/-/traverse-7.29.0.tgz 1409ms (cache miss)
402 http fetch GET 200 https://registry.npmjs.org/@babel/parser/-/parser-7.29.2.tgz 1410ms (cache miss)
403 http fetch GET 200 https://registry.npmjs.org/@babel/helper-module-transforms/-/helper-module-transforms-7.28.6.tgz 1411ms (cache miss)
404 http fetch GET 200 https://registry.npmjs.org/@babel/helper-string-parser/-/helper-string-parser-7.27.1.tgz 1415ms (cache miss)
405 http fetch GET 200 https://registry.npmjs.org/@babel/compat-data/-/compat-data-7.29.0.tgz 1416ms (cache miss)
406 http fetch GET 200 https://registry.npmjs.org/@babel/code-frame/-/code-frame-7.29.0.tgz 1416ms (cache miss)
407 http fetch GET 200 https://registry.npmjs.org/@babel/helper-validator-identifier/-/helper-validator-identifier-7.28.5.tgz 1417ms (cache miss)
408 http fetch GET 200 https://registry.npmjs.org/@asamuzakjp/generational-cache/-/generational-cache-1.0.1.tgz 1430ms (cache miss)
409 http fetch GET 200 https://registry.npmjs.org/@alloc/quick-lru/-/quick-lru-5.2.0.tgz 1438ms (cache miss)
410 http fetch GET 200 https://registry.npmjs.org/@ampproject/remapping/-/remapping-2.3.0.tgz 1446ms (cache miss)
411 http fetch GET 200 https://registry.npmjs.org/emoji-regex/-/emoji-regex-8.0.0.tgz 1445ms (cache miss)
412 http fetch GET 200 https://registry.npmjs.org/string-width/-/string-width-4.2.3.tgz 1447ms (cache miss)
413 http fetch GET 200 https://registry.npmjs.org/strip-ansi/-/strip-ansi-6.0.1.tgz 1450ms (cache miss)
414 http fetch GET 200 https://registry.npmjs.org/@esbuild/darwin-arm64/-/darwin-arm64-0.25.12.tgz 1460ms (cache miss)
415 http fetch GET 200 https://registry.npmjs.org/@typescript-eslint/eslint-plugin/-/eslint-plugin-8.58.2.tgz 1466ms (cache miss)
416 http fetch GET 200 https://registry.npmjs.org/ansi-styles/-/ansi-styles-6.2.3.tgz 1465ms (cache miss)
417 http fetch GET 200 https://registry.npmjs.org/fdir/-/fdir-6.5.0.tgz 1481ms (cache miss)
418 http fetch GET 200 https://registry.npmjs.org/picomatch/-/picomatch-4.0.4.tgz 1482ms (cache miss)
419 http fetch GET 200 https://registry.npmjs.org/picomatch/-/picomatch-4.0.4.tgz 1490ms (cache miss)
420 http fetch GET 200 https://registry.npmjs.org/@asamuzakjp/dom-selector/-/dom-selector-7.1.1.tgz 1491ms (cache miss)
421 http fetch GET 200 https://registry.npmjs.org/fdir/-/fdir-6.5.0.tgz 1490ms (cache miss)
422 http fetch GET 200 https://registry.npmjs.org/@csstools/css-calc/-/css-calc-3.2.0.tgz 1493ms (cache miss)
423 http fetch GET 200 https://registry.npmjs.org/ansi-regex/-/ansi-regex-6.2.2.tgz 1494ms (cache miss)
424 http fetch GET 200 https://registry.npmjs.org/brace-expansion/-/brace-expansion-5.0.6.tgz 1504ms (cache miss)
425 http fetch GET 200 https://registry.npmjs.org/balanced-match/-/balanced-match-4.0.4.tgz 1505ms (cache miss)
426 http fetch GET 200 https://registry.npmjs.org/strip-ansi/-/strip-ansi-6.0.1.tgz 1506ms (cache miss)
427 http fetch GET 200 https://registry.npmjs.org/emoji-regex/-/emoji-regex-8.0.0.tgz 1510ms (cache miss)
428 http fetch GET 200 https://registry.npmjs.org/js-tokens/-/js-tokens-9.0.1.tgz 1511ms (cache miss)
429 http fetch GET 200 https://registry.npmjs.org/@asamuzakjp/css-color/-/css-color-5.1.11.tgz 1516ms (cache miss)
430 http fetch GET 200 https://registry.npmjs.org/react-is/-/react-is-16.13.1.tgz 1516ms (cache miss)
431 http fetch GET 200 https://registry.npmjs.org/ansi-styles/-/ansi-styles-5.2.0.tgz 1525ms (cache miss)
432 http fetch GET 200 https://registry.npmjs.org/react-is/-/react-is-17.0.2.tgz 1525ms (cache miss)
433 http fetch GET 200 https://registry.npmjs.org/fsevents/-/fsevents-2.3.2.tgz 1530ms (cache miss)
434 http fetch GET 200 https://registry.npmjs.org/brace-expansion/-/brace-expansion-2.1.1.tgz 1538ms (cache miss)
435 http fetch GET 200 https://registry.npmjs.org/glob-parent/-/glob-parent-5.1.2.tgz 1540ms (cache miss)
436 http fetch GET 200 https://registry.npmjs.org/glob-parent/-/glob-parent-5.1.2.tgz 1541ms (cache miss)
437 http fetch GET 200 https://registry.npmjs.org/@babel/core/-/core-7.29.0.tgz 1545ms (cache miss)
438 http fetch GET 200 https://registry.npmjs.org/@babel/runtime/-/runtime-7.29.2.tgz 1548ms (cache miss)
439 http fetch GET 200 https://registry.npmjs.org/js-tokens/-/js-tokens-10.0.0.tgz 1548ms (cache miss)
440 http fetch GET 200 https://registry.npmjs.org/@testing-library/user-event/-/user-event-14.6.1.tgz 1553ms (cache miss)
441 http fetch GET 200 https://registry.npmjs.org/picomatch/-/picomatch-4.0.4.tgz 1552ms (cache miss)
442 http fetch GET 200 https://registry.npmjs.org/semver/-/semver-7.8.1.tgz 1556ms (cache miss)
443 http fetch GET 200 https://registry.npmjs.org/eslint-visitor-keys/-/eslint-visitor-keys-5.0.1.tgz 1557ms (cache miss)
444 http fetch GET 200 https://registry.npmjs.org/lru-cache/-/lru-cache-10.4.3.tgz 1560ms (cache miss)
445 http fetch GET 200 https://registry.npmjs.org/@babel/types/-/types-7.29.0.tgz 1564ms (cache miss)
446 http fetch GET 200 https://registry.npmjs.org/minimatch/-/minimatch-10.2.5.tgz 1564ms (cache miss)
447 http fetch GET 200 https://registry.npmjs.org/balanced-match/-/balanced-match-4.0.4.tgz 1577ms (cache miss)
448 http fetch GET 200 https://registry.npmjs.org/ignore/-/ignore-7.0.5.tgz 1577ms (cache miss)
449 http fetch GET 200 https://registry.npmjs.org/@babel/generator/-/generator-7.29.1.tgz 1583ms (cache miss)
450 http fetch GET 200 https://registry.npmjs.org/undici-types/-/undici-types-7.19.2.tgz 1584ms (cache miss)
451 http fetch GET 200 https://registry.npmjs.org/semver/-/semver-7.7.4.tgz 1593ms (cache miss)
452 http fetch GET 200 https://registry.npmjs.org/globals/-/globals-14.0.0.tgz 1603ms (cache miss)
453 http fetch GET 200 https://registry.npmjs.org/eslint-visitor-keys/-/eslint-visitor-keys-3.4.3.tgz 1604ms (cache miss)
454 http fetch GET 200 https://registry.npmjs.org/minimatch/-/minimatch-9.0.9.tgz 1605ms (cache miss)
455 http fetch GET 200 https://registry.npmjs.org/brace-expansion/-/brace-expansion-5.0.5.tgz 1605ms (cache miss)
456 http fetch GET 200 https://registry.npmjs.org/lru-cache/-/lru-cache-11.3.5.tgz 1623ms (cache miss)
457 http fetch GET 200 https://registry.npmjs.org/@adobe/css-tools/-/css-tools-4.4.4.tgz 1626ms (cache miss)
458 http fetch GET 200 https://registry.npmjs.org/minimatch/-/minimatch-10.2.5.tgz 1636ms (cache miss)
459 http fetch GET 200 https://registry.npmjs.org/@babel/helper-globals/-/helper-globals-7.28.0.tgz 1637ms (cache miss)
460 http fetch GET 200 https://registry.npmjs.org/@asamuzakjp/nwsapi/-/nwsapi-2.3.9.tgz 1638ms (cache miss)
461 http fetch GET 200 https://registry.npmjs.org/dom-accessibility-api/-/dom-accessibility-api-0.6.3.tgz 1640ms (cache miss)
462 http fetch GET 200 https://registry.npmjs.org/@babel/helpers/-/helpers-7.29.2.tgz 1651ms (cache miss)
463 http fetch GET 200 https://registry.npmjs.org/parse5/-/parse5-7.3.0.tgz 1650ms (cache miss)
464 http fetch GET 200 https://registry.npmjs.org/entities/-/entities-6.0.1.tgz 1656ms (cache miss)
465 http fetch GET 200 https://registry.npmjs.org/caniuse-lite/-/caniuse-lite-1.0.30001788.tgz 1686ms (cache miss)
466 http fetch GET 200 https://registry.npmjs.org/@vitest/runner/-/runner-3.2.4.tgz 1689ms (cache miss)
467 http fetch GET 200 https://registry.npmjs.org/jsdom/-/jsdom-29.1.1.tgz 1705ms (cache miss)
468 http fetch GET 200 https://registry.npmjs.org/date-fns/-/date-fns-4.1.0.tgz 2072ms (cache miss)
469 http fetch GET https://registry.npmjs.org/arg/-/arg-5.0.2.tgz attempt 2 failed with EINTEGRITY
470 http fetch GET https://registry.npmjs.org/arg/-/arg-5.0.2.tgz attempt 3 failed with EINTEGRITY
471 warn tarball tarball data for arg@https://registry.npmjs.org/arg/-/arg-5.0.2.tgz (sha512-PYjyFOLKQ9y57JvQ6QLo8dAgNqswh8M1RMJYdQduT6xbWSgK36P/Z/version+p888pM69jMMfS8Xd8F6I1kQ/I9HUGg==) seems to be corrupted. Trying again.
472 http fetch GET https://registry.npmjs.org/arg/-/arg-5.0.2.tgz attempt 1 failed with EINTEGRITY
473 http fetch GET https://registry.npmjs.org/arg/-/arg-5.0.2.tgz attempt 2 failed with EINTEGRITY
474 http fetch GET https://registry.npmjs.org/arg/-/arg-5.0.2.tgz attempt 3 failed with EINTEGRITY
475 warn tarball tarball data for arg@https://registry.npmjs.org/arg/-/arg-5.0.2.tgz (sha512-PYjyFOLKQ9y57JvQ6QLo8dAgNqswh8M1RMJYdQduT6xbWSgK36P/Z/version+p888pM69jMMfS8Xd8F6I1kQ/I9HUGg==) seems to be corrupted. Trying again.
476 verbose stack Error: sha512-PYjyFOLKQ9y57JvQ6QLo8dAgNqswh8M1RMJYdQduT6xbWSgK36P/Z/version+p888pM69jMMfS8Xd8F6I1kQ/I9HUGg== integrity checksum failed when using sha512: wanted sha512-PYjyFOLKQ9y57JvQ6QLo8dAgNqswh8M1RMJYdQduT6xbWSgK36P/Z/version+p888pM69jMMfS8Xd8F6I1kQ/I9HUGg== but got sha512-PYjyFOLKQ9y57JvQ6QLo8dAgNqswh8M1RMJYdQduT6xbWSgK36P/Z/v+p888pM69jMMfS8Xd8F6I1kQ/I9HUGg==. (5620 bytes)
476 verbose stack     at #onEnd (/opt/homebrew/lib/node_modules/npm/node_modules/ssri/lib/index.js:116:19)
476 verbose stack     at IntegrityStream.emit (/opt/homebrew/lib/node_modules/npm/node_modules/ssri/lib/index.js:88:18)
476 verbose stack     at [maybeEmitEnd] (/opt/homebrew/lib/node_modules/npm/node_modules/minipass/dist/commonjs/index.js:721:18)
476 verbose stack     at [emitData] (/opt/homebrew/lib/node_modules/npm/node_modules/minipass/dist/commonjs/index.js:811:29)
476 verbose stack     at IntegrityStream.emit (/opt/homebrew/lib/node_modules/npm/node_modules/minipass/dist/commonjs/index.js:767:37)
476 verbose stack     at IntegrityStream.emit (/opt/homebrew/lib/node_modules/npm/node_modules/ssri/lib/index.js:90:18)
476 verbose stack     at [flushChunk] (/opt/homebrew/lib/node_modules/npm/node_modules/minipass/dist/commonjs/index.js:554:14)
476 verbose stack     at [flush] (/opt/homebrew/lib/node_modules/npm/node_modules/minipass/dist/commonjs/index.js:548:39)
476 verbose stack     at [resume] (/opt/homebrew/lib/node_modules/npm/node_modules/minipass/dist/commonjs/index.js:488:24)
476 verbose stack     at IntegrityStream.on (/opt/homebrew/lib/node_modules/npm/node_modules/minipass/dist/commonjs/index.js:642:29)
477 error code EINTEGRITY
478 error sha512-PYjyFOLKQ9y57JvQ6QLo8dAgNqswh8M1RMJYdQduT6xbWSgK36P/Z/version+p888pM69jMMfS8Xd8F6I1kQ/I9HUGg== integrity checksum failed when using sha512: wanted sha512-PYjyFOLKQ9y57JvQ6QLo8dAgNqswh8M1RMJYdQduT6xbWSgK36P/Z/version+p888pM69jMMfS8Xd8F6I1kQ/I9HUGg== but got sha512-PYjyFOLKQ9y57JvQ6QLo8dAgNqswh8M1RMJYdQduT6xbWSgK36P/Z/v+p888pM69jMMfS8Xd8F6I1kQ/I9HUGg==. (5620 bytes)
479 silly unfinished npm timer reify 1787239835588
480 silly unfinished npm timer reify:unpack 1787239835659
481 silly unfinished npm timer reifyNode:node_modules/arg 1787239835660
482 verbose cwd /Users/achraf/pro/Medoc
483 verbose os Darwin 25.4.0
484 verbose node v26.7.0
485 verbose npm  v11.19.0
486 verbose exit 1
487 verbose code 1
488 error A complete log of this run can be found in: /Users/achraf/pro/Medoc/.npm-cache/_logs/2026-08-20T15_30_35_353Z-debug-0.log
